Archive member included because of file (symbol)

c:/program files (x86)/microchip/xc32/v1.30/bin/../lib/gcc/pic32mx/4.5.2/../../../../pic32mx/lib\libmchp_peripheral_32MX795F512L.a(pcache.o)
                              build/default/production/_ext/1568745167/main.o (CheKseg0CacheOn)
c:/program files (x86)/microchip/xc32/v1.30/bin/../lib/gcc/pic32mx/4.5.2/../../../../pic32mx/lib\libmchp_peripheral_32MX795F512L.a(int_disable_interrupts_lib.o)
                              build/default/production/_ext/1568745167/main.o (INTDisableInterrupts)
c:/program files (x86)/microchip/xc32/v1.30/bin/../lib/gcc/pic32mx/4.5.2/../../../../pic32mx/lib\libmchp_peripheral_32MX795F512L.a(int_restore_interrupts_lib.o)
                              build/default/production/_ext/1568745167/main.o (INTRestoreInterrupts)
c:/program files (x86)/microchip/xc32/v1.30/bin/../lib/gcc/pic32mx/4.5.2/../../../../pic32mx/lib\libmchp_peripheral_32MX795F512L.a(int_tbl_lib.o)
                              build/default/production/_ext/1568745167/main.o (INTClearFlag)
c:/program files (x86)/microchip/xc32/v1.30/bin/../lib/gcc/pic32mx/4.5.2/../../../../pic32mx/lib\libmchp_peripheral_32MX795F512L.a(spi_chn_getc_lib.o)
                              build/default/production/_ext/1568745167/AT45DB641.o (SpiChnGetC)
c:/program files (x86)/microchip/xc32/v1.30/bin/../lib/gcc/pic32mx/4.5.2/../../../../pic32mx/lib\libmchp_peripheral_32MX795F512L.a(spi_chn_open_lib.o)
                              build/default/production/_ext/1568745167/AT45DB641.o (SpiChnOpen)
c:/program files (x86)/microchip/xc32/v1.30/bin/../lib/gcc/pic32mx/4.5.2/../../../../pic32mx/lib\libmchp_peripheral_32MX795F512L.a(spi_chn_putc_lib.o)
                              build/default/production/_ext/1568745167/AT45DB641.o (SpiChnPutC)
c:/program files (x86)/microchip/xc32/v1.30/bin/../lib/gcc/pic32mx/4.5.2/../../../../pic32mx/lib\libmchp_peripheral_32MX795F512L.a(spi_io_tbl_libp.o)
                              c:/program files (x86)/microchip/xc32/v1.30/bin/../lib/gcc/pic32mx/4.5.2/../../../../pic32mx/lib\libmchp_peripheral_32MX795F512L.a(spi_chn_open_lib.o) (_SpiIoTbl)
c:/program files (x86)/microchip/xc32/v1.30/bin/../lib/gcc/pic32mx/4.5.2/../../../../pic32mx/lib\libmchp_peripheral_32MX795F512L.a(spi_map_tbl_libp.o)
                              c:/program files (x86)/microchip/xc32/v1.30/bin/../lib/gcc/pic32mx/4.5.2/../../../../pic32mx/lib\libmchp_peripheral_32MX795F512L.a(spi_chn_getc_lib.o) (_SpiMapTbl)
c:/program files (x86)/microchip/xc32/v1.30/bin/../lib/gcc/pic32mx/4.5.2/../../../../pic32mx/lib\libmchp_peripheral_32MX795F512L.a(dma_chn_set_ev_enable_flags_lib.o)
                              build/default/production/_ext/1568745167/main.o (DmaChnSetEvEnableFlags)
c:/program files (x86)/microchip/xc32/v1.30/bin/../lib/gcc/pic32mx/4.5.2/../../../../pic32mx/lib\libmchp_peripheral_32MX795F512L.a(dma_chn_clr_ev_flags_lib.o)
                              build/default/production/_ext/1568745167/main.o (DmaChnClrEvFlags)
c:/program files (x86)/microchip/xc32/v1.30/bin/../lib/gcc/pic32mx/4.5.2/../../../../pic32mx/lib\libmchp_peripheral_32MX795F512L.a(dma_chn_open_lib.o)
                              build/default/production/_ext/1568745167/main.o (DmaChnOpen)
c:/program files (x86)/microchip/xc32/v1.30/bin/../lib/gcc/pic32mx/4.5.2/../../../../pic32mx/lib\libmchp_peripheral_32MX795F512L.a(dma_chn_enable_lib.o)
                              build/default/production/_ext/1568745167/main.o (DmaChnEnable)
c:/program files (x86)/microchip/xc32/v1.30/bin/../lib/gcc/pic32mx/4.5.2/../../../../pic32mx/lib\libmchp_peripheral_32MX795F512L.a(dma_chn_get_ev_flags_lib.o)
                              build/default/production/_ext/1568745167/main.o (DmaChnGetEvFlags)
c:/program files (x86)/microchip/xc32/v1.30/bin/../lib/gcc/pic32mx/4.5.2/../../../../pic32mx/lib\libmchp_peripheral_32MX795F512L.a(dma_chn_write_event_control_flags_lib.o)
                              build/default/production/_ext/1568745167/main.o (DmaChnWriteEventControlFlags)
c:/program files (x86)/microchip/xc32/v1.30/bin/../lib/gcc/pic32mx/4.5.2/../../../../pic32mx/lib\libmchp_peripheral_32MX795F512L.a(dma_chn_set_match_pattern_lib.o)
                              build/default/production/_ext/1568745167/main.o (DmaChnSetMatchPattern)
c:/program files (x86)/microchip/xc32/v1.30/bin/../lib/gcc/pic32mx/4.5.2/../../../../pic32mx/lib\libmchp_peripheral_32MX795F512L.a(dma_chn_set_txfer_lib.o)
                              build/default/production/_ext/1568745167/main.o (DmaChnSetTxfer)
c:/program files (x86)/microchip/xc32/v1.30/bin/../lib/gcc/pic32mx/4.5.2/../../../../pic32mx/lib\libmchp_peripheral_32MX795F512L.a(dma_reg_map_tbl_lib.o)
                              c:/program files (x86)/microchip/xc32/v1.30/bin/../lib/gcc/pic32mx/4.5.2/../../../../pic32mx/lib\libmchp_peripheral_32MX795F512L.a(dma_chn_set_ev_enable_flags_lib.o) (_DmaMapTbl)
[...]
Memory Configuration

Name             Origin             Length             Attributes
kseg0_program_mem 0x9d000000         0x00080000         xr
kseg0_boot_mem   0x9fc00490         0x00000970
exception_mem    0x9fc01000         0x00001000
kseg1_boot_mem   0xbfc00000         0x00000490
debug_exec_mem   0xbfc02000         0x00000ff0
config3          0xbfc02ff0         0x00000004
config2          0xbfc02ff4         0x00000004
config1          0xbfc02ff8         0x00000004
config0          0xbfc02ffc         0x00000004
kseg1_data_mem   0xa0000000         0x00020000         w !x
sfrs             0xbf800000         0x00100000
configsfrs       0xbfc02ff0         0x00000010
*default*        0x00000000         0xffffffff

Linker script and memory map

LOAD c:/program files (x86)/microchip/xc32/v1.30/bin/../lib/gcc/pic32mx/4.5.2/../../../../pic32mx/lib/./proc/32MX795F512L/crt0_mips32r2.o
LOAD build/default/production/_ext/1568745167/main.o
LOAD build/default/production/_ext/1568745167/CRC Byte Check.o
LOAD build/default/production/_ext/1568745167/DelayPIC32.o
LOAD build/default/production/_ext/1568745167/AT45DB641.o
                0x00000001                __MPLAB_BUILD = 0x1
LOAD c:/program files (x86)/microchip/xc32/v1.30/bin/../lib/gcc/pic32mx/4.5.2/../../../../pic32mx/lib/./proc/32MX795F512L\default_isr_vectors.o
                0x00000400                PROVIDE (_min_stack_size, 0x400)
LOAD c:/program files (x86)/microchip/xc32/v1.30/bin/../lib/gcc/pic32mx/4.5.2/../../../../pic32mx/lib/./proc/32MX795F512L\processor.o
START GROUP
LOAD c:/program files (x86)/microchip/xc32/v1.30/bin/../lib/gcc/pic32mx/4.5.2/../../../../pic32mx/lib\libmchp_peripheral.a
END GROUP
START GROUP
LOAD c:/program files (x86)/microchip/xc32/v1.30/bin/../lib/gcc/pic32mx/4.5.2/../../../../pic32mx/lib\libmchp_peripheral_32MX795F512L.a
END GROUP
                0x00000001                PROVIDE (_vector_spacing, 0x1)
                0x9fc01000                _ebase_address = 0x9fc01000
                0xbfc00000                _RESET_ADDR = 0xbfc00000
                0xbfc00380                _BEV_EXCPT_ADDR = 0xbfc00380
                0xbfc00480                _DBG_EXCPT_ADDR = 0xbfc00480
                0xbfc02000                _DBG_CODE_ADDR = 0xbfc02000
                0x00000ff0                _DBG_CODE_SIZE = 0xff0
                0x9fc01180                _GEN_EXCPT_ADDR = (_ebase_address + 0x180)

.config_BFC02FF0
 *(.config_BFC02FF0)

.config_BFC02FF4
                0xbfc02ff4        0x4
 *(.config_BFC02FF4)
 .config_BFC02FF4
                0xbfc02ff4        0x4 build/default/production/_ext/1568745167/main.o

.config_BFC02FF8
                0xbfc02ff8        0x4
 *(.config_BFC02FF8)
 .config_BFC02FF8
                0xbfc02ff8        0x4 build/default/production/_ext/1568745167/main.o

.config_BFC02FFC
                0xbfc02ffc        0x4
 *(.config_BFC02FFC)
 .config_BFC02FFC
                0xbfc02ffc        0x4 build/default/production/_ext/1568745167/main.o
                0xbfc02000                PROVIDE (_DBG_CODE_ADDR, 0xbfc02000)
                0x00000ff0                PROVIDE (_DBG_CODE_SIZE, 0xff0)

.reset          0xbfc00000      0x1e0
 *(.reset)
 .reset         0xbfc00000      0x1e0 c:/program files (x86)/microchip/xc32/v1.30/bin/../lib/gcc/pic32mx/4.5.2/../../../../pic32mx/lib/./proc/32MX795F512L/crt0_mips32r2.o
                0xbfc00000                _reset
 *(.reset.startup)

.bev_excpt      0xbfc00380       0x10
 *(.bev_handler)
 .bev_handler   0xbfc00380       0x10 c:/program files (x86)/microchip/xc32/v1.30/bin/../lib/gcc/pic32mx/4.5.2/../../../../pic32mx/lib/./proc/32MX795F512L/crt0_mips32r2.o

.dbg_excpt      0xbfc00480        0x0
                0xbfc00480                . = (. + DEFINED (_DEBUGGER)?0x8:0x0)

.dbg_code       0xbfc02000        0x0
                0xbfc02000                . = (. + DEFINED (_DEBUGGER)?_DBG_CODE_SIZE:0x0)

.app_excpt      0x9fc01180       0x10
 *(.gen_handler)
 .gen_handler   0x9fc01180       0x10 c:/program files (x86)/microchip/xc32/v1.30/bin/../lib/gcc/pic32mx/4.5.2/../../../../pic32mx/lib/./proc/32MX795F512L/crt0_mips32r2.o

.vector_0       0x9fc01200        0x8
 *(.vector_0)
 .vector_0      0x9fc01200        0x8 c:/program files (x86)/microchip/xc32/v1.30/bin/../lib/gcc/pic32mx/4.5.2/../../../../pic32mx/lib\libpic32.a(vector0.o)
                0x9fc01200                __vector_dispatch_0
                0x00000001                ASSERT (((_vector_spacing == 0x0) || (SIZEOF (.vector_0) <= (_vector_spacing << 0x5))), function at exception vector 0 too large)

.vector_1       0x9fc01220        0x8
 *(.vector_1)
 .vector_1      0x9fc01220        0x8 c:/program files (x86)/microchip/xc32/v1.30/bin/../lib/gcc/pic32mx/4.5.2/../../../../pic32mx/lib\libpic32.a(vector1.o)
                0x9fc01220                __vector_dispatch_1
                0x00000001                ASSERT (((_vector_spacing == 0x0) || (SIZEOF (.vector_1) <= (_vector_spacing << 0x5))), function at exception vector 1 too large)

.vector_2       0x9fc01240        0x8
 *(.vector_2)
 .vector_2      0x9fc01240        0x8 c:/program files (x86)/microchip/xc32/v1.30/bin/../lib/gcc/pic32mx/4.5.2/../../../../pic32mx/lib\libpic32.a(vector2.o)
                0x9fc01240                __vector_dispatch_2
                0x00000001                ASSERT (((_vector_spacing == 0x0) || (SIZEOF (.vector_2) <= (_vector_spacing << 0x5))), function at exception vector 2 too large)

.vector_3       0x9fc01260        0x8
 *(.vector_3)
 .vector_3      0x9fc01260        0x8 c:/program files (x86)/microchip/xc32/v1.30/bin/../lib/gcc/pic32mx/4.5.2/../../../../pic32mx/lib\libpic32.a(vector3.o)
                0x9fc01260                __vector_dispatch_3
                0x00000001                ASSERT (((_vector_spacing == 0x0) || (SIZEOF (.vector_3) <= (_vector_spacing << 0x5))), function at exception vector 3 too large)

.vector_4       0x9fc01280        0x8
 *(.vector_4)
 .vector_4      0x9fc01280        0x8 build/default/production/_ext/1568745167/main.o
                0x9fc01280                __vector_dispatch_4
                0x00000001                ASSERT (((_vector_spacing == 0x0) || (SIZEOF (.vector_4) <= (_vector_spacing << 0x5))), function at exception vector 4 too large)

.vector_5       0x9fc012a0        0x8
 *(.vector_5)
 .vector_5      0x9fc012a0        0x8 c:/program files (x86)/microchip/xc32/v1.30/bin/../lib/gcc/pic32mx/4.5.2/../../../../pic32mx/lib\libpic32.a(vector5.o)
                0x9fc012a0                __vector_dispatch_5
                0x00000001                ASSERT (((_vector_spacing == 0x0) || (SIZEOF (.vector_5) <= (_vector_spacing << 0x5))), function at exception vector 5 too large)

.vector_6       0x9fc012c0        0x8
 *(.vector_6)
 .vector_6      0x9fc012c0        0x8 c:/program files (x86)/microchip/xc32/v1.30/bin/../lib/gcc/pic32mx/4.5.2/../../../../pic32mx/lib\libpic32.a(vector6.o)
                0x9fc012c0                __vector_dispatch_6
                0x00000001                ASSERT (((_vector_spacing == 0x0) || (SIZEOF (.vector_6) <= (_vector_spacing << 0x5))), function at exception vector 6 too large)

.vector_7       0x9fc012e0        0x8
 *(.vector_7)
 .vector_7      0x9fc012e0        0x8 c:/program files (x86)/microchip/xc32/v1.30/bin/../lib/gcc/pic32mx/4.5.2/../../../../pic32mx/lib\libpic32.a(vector7.o)
                0x9fc012e0                __vector_dispatch_7
                0x00000001                ASSERT (((_vector_spacing == 0x0) || (SIZEOF (.vector_7) <= (_vector_spacing << 0x5))), function at exception vector 7 too large)

.vector_8       0x9fc01300        0x8
 *(.vector_8)
 .vector_8      0x9fc01300        0x8 c:/program files (x86)/microchip/xc32/v1.30/bin/../lib/gcc/pic32mx/4.5.2/../../../../pic32mx/lib\libpic32.a(vector8.o)
                0x9fc01300                __vector_dispatch_8
                0x00000001                ASSERT (((_vector_spacing == 0x0) || (SIZEOF (.vector_8) <= (_vector_spacing << 0x5))), function at exception vector 8 too large)

.vector_9       0x9fc01320        0x8
 *(.vector_9)
 .vector_9      0x9fc01320        0x8 c:/program files (x86)/microchip/xc32/v1.30/bin/../lib/gcc/pic32mx/4.5.2/../../../../pic32mx/lib\libpic32.a(vector9.o)
                0x9fc01320                __vector_dispatch_9
                0x00000001                ASSERT (((_vector_spacing == 0x0) || (SIZEOF (.vector_9) <= (_vector_spacing << 0x5))), function at exception vector 9 too large)

.vector_10      0x9fc01340        0x8
 *(.vector_10)
 .vector_10     0x9fc01340        0x8 c:/program files (x86)/microchip/xc32/v1.30/bin/../lib/gcc/pic32mx/4.5.2/../../../../pic32mx/lib\libpic32.a(vector10.o)
                0x9fc01340                __vector_dispatch_10
                0x00000001                ASSERT (((_vector_spacing == 0x0) || (SIZEOF (.vector_10) <= (_vector_spacing << 0x5))), function at exception vector 10 too large)

.vector_11      0x9fc01360        0x8
 *(.vector_11)
 .vector_11     0x9fc01360        0x8 c:/program files (x86)/microchip/xc32/v1.30/bin/../lib/gcc/pic32mx/4.5.2/../../../../pic32mx/lib\libpic32.a(vector11.o)
                0x9fc01360                __vector_dispatch_11
                0x00000001                ASSERT (((_vector_spacing == 0x0) || (SIZEOF (.vector_11) <= (_vector_spacing << 0x5))), function at exception vector 11 too large)

.vector_12      0x9fc01380        0x8
 *(.vector_12)
 .vector_12     0x9fc01380        0x8 build/default/production/_ext/1568745167/main.o
                0x9fc01380                __vector_dispatch_12
                0x00000001                ASSERT (((_vector_spacing == 0x0) || (SIZEOF (.vector_12) <= (_vector_spacing << 0x5))), function at exception vector 12 too large)

.vector_13      0x9fc013a0        0x8
 *(.vector_13)
 .vector_13     0x9fc013a0        0x8 c:/program files (x86)/microchip/xc32/v1.30/bin/../lib/gcc/pic32mx/4.5.2/../../../../pic32mx/lib\libpic32.a(vector13.o)
                0x9fc013a0                __vector_dispatch_13
                0x00000001                ASSERT (((_vector_spacing == 0x0) || (SIZEOF (.vector_13) <= (_vector_spacing << 0x5))), function at exception vector 13 too large)

.vector_14      0x9fc013c0        0x8
 *(.vector_14)
 .vector_14     0x9fc013c0        0x8 c:/program files (x86)/microchip/xc32/v1.30/bin/../lib/gcc/pic32mx/4.5.2/../../../../pic32mx/lib\libpic32.a(vector14.o)
                0x9fc013c0                __vector_dispatch_14
                0x00000001                ASSERT (((_vector_spacing == 0x0) || (SIZEOF (.vector_14) <= (_vector_spacing << 0x5))), function at exception vector 14 too large)

.vector_15      0x9fc013e0        0x8
 *(.vector_15)
 .vector_15     0x9fc013e0        0x8 c:/program files (x86)/microchip/xc32/v1.30/bin/../lib/gcc/pic32mx/4.5.2/../../../../pic32mx/lib\libpic32.a(vector15.o)
                0x9fc013e0                __vector_dispatch_15
                0x00000001                ASSERT (((_vector_spacing == 0x0) || (SIZEOF (.vector_15) <= (_vector_spacing << 0x5))), function at exception vector 15 too large)

.vector_16      0x9fc01400        0x8
 *(.vector_16)
 .vector_16     0x9fc01400        0x8 c:/program files (x86)/microchip/xc32/v1.30/bin/../lib/gcc/pic32mx/4.5.2/../../../../pic32mx/lib\libpic32.a(vector16.o)
                0x9fc01400                __vector_dispatch_16
                0x00000001                ASSERT (((_vector_spacing == 0x0) || (SIZEOF (.vector_16) <= (_vector_spacing << 0x5))), function at exception vector 16 too large)

.vector_17      0x9fc01420        0x8
 *(.vector_17)
 .vector_17     0x9fc01420        0x8 c:/program files (x86)/microchip/xc32/v1.30/bin/../lib/gcc/pic32mx/4.5.2/../../../../pic32mx/lib\libpic32.a(vector17.o)
                0x9fc01420                __vector_dispatch_17
                0x00000001                ASSERT (((_vector_spacing == 0x0) || (SIZEOF (.vector_17) <= (_vector_spacing << 0x5))), function at exception vector 17 too large)

.vector_18      0x9fc01440        0x8
 *(.vector_18)
 .vector_18     0x9fc01440        0x8 c:/program files (x86)/microchip/xc32/v1.30/bin/../lib/gcc/pic32mx/4.5.2/../../../../pic32mx/lib\libpic32.a(vector18.o)
                0x9fc01440                __vector_dispatch_18
                0x00000001                ASSERT (((_vector_spacing == 0x0) || (SIZEOF (.vector_18) <= (_vector_spacing << 0x5))), function at exception vector 18 too large)

.vector_19      0x9fc01460        0x8
 *(.vector_19)
 .vector_19     0x9fc01460        0x8 c:/program files (x86)/microchip/xc32/v1.30/bin/../lib/gcc/pic32mx/4.5.2/../../../../pic32mx/lib\libpic32.a(vector19.o)
                0x9fc01460                __vector_dispatch_19
                0x00000001                ASSERT (((_vector_spacing == 0x0) || (SIZEOF (.vector_19) <= (_vector_spacing << 0x5))), function at exception vector 19 too large)

.vector_20      0x9fc01480        0x8
 *(.vector_20)
 .vector_20     0x9fc01480        0x8 c:/program files (x86)/microchip/xc32/v1.30/bin/../lib/gcc/pic32mx/4.5.2/../../../../pic32mx/lib\libpic32.a(vector20.o)
                0x9fc01480                __vector_dispatch_20
                0x00000001                ASSERT (((_vector_spacing == 0x0) || (SIZEOF (.vector_20) <= (_vector_spacing << 0x5))), function at exception vector 20 too large)

.vector_21      0x9fc014a0        0x8
 *(.vector_21)
 .vector_21     0x9fc014a0        0x8 c:/program files (x86)/microchip/xc32/v1.30/bin/../lib/gcc/pic32mx/4.5.2/../../../../pic32mx/lib\libpic32.a(vector21.o)
                0x9fc014a0                __vector_dispatch_21
                0x00000001                ASSERT (((_vector_spacing == 0x0) || (SIZEOF (.vector_21) <= (_vector_spacing << 0x5))), function at exception vector 21 too large)

.vector_22      0x9fc014c0        0x8
 *(.vector_22)
 .vector_22     0x9fc014c0        0x8 c:/program files (x86)/microchip/xc32/v1.30/bin/../lib/gcc/pic32mx/4.5.2/../../../../pic32mx/lib\libpic32.a(vector22.o)
                0x9fc014c0                __vector_dispatch_22
                0x00000001                ASSERT (((_vector_spacing == 0x0) || (SIZEOF (.vector_22) <= (_vector_spacing << 0x5))), function at exception vector 22 too large)

.vector_23      0x9fc014e0        0x8
 *(.vector_23)
 .vector_23     0x9fc014e0        0x8 c:/program files (x86)/microchip/xc32/v1.30/bin/../lib/gcc/pic32mx/4.5.2/../../../../pic32mx/lib\libpic32.a(vector23.o)
                0x9fc014e0                __vector_dispatch_23
                0x00000001                ASSERT (((_vector_spacing == 0x0) || (SIZEOF (.vector_23) <= (_vector_spacing << 0x5))), function at exception vector 23 too large)

.vector_24      0x9fc01500        0x8
 *(.vector_24)
 .vector_24     0x9fc01500        0x8 c:/program files (x86)/microchip/xc32/v1.30/bin/../lib/gcc/pic32mx/4.5.2/../../../../pic32mx/lib\libpic32.a(vector24.o)
                0x9fc01500                __vector_dispatch_24
                0x00000001                ASSERT (((_vector_spacing == 0x0) || (SIZEOF (.vector_24) <= (_vector_spacing << 0x5))), function at exception vector 24 too large)

.vector_25      0x9fc01520        0x8
 *(.vector_25)
 .vector_25     0x9fc01520        0x8 c:/program files (x86)/microchip/xc32/v1.30/bin/../lib/gcc/pic32mx/4.5.2/../../../../pic32mx/lib\libpic32.a(vector25.o)
                0x9fc01520                __vector_dispatch_25
                0x00000001                ASSERT (((_vector_spacing == 0x0) || (SIZEOF (.vector_25) <= (_vector_spacing << 0x5))), function at exception vector 25 too large)

.vector_26      0x9fc01540        0x8
 *(.vector_26)
 .vector_26     0x9fc01540        0x8 c:/program files (x86)/microchip/xc32/v1.30/bin/../lib/gcc/pic32mx/4.5.2/../../../../pic32mx/lib\libpic32.a(vector26.o)
                0x9fc01540                __vector_dispatch_26
                0x00000001                ASSERT (((_vector_spacing == 0x0) || (SIZEOF (.vector_26) <= (_vector_spacing << 0x5))), function at exception vector 26 too large)

.vector_27      0x9fc01560        0x8
 *(.vector_27)
 .vector_27     0x9fc01560        0x8 build/default/production/_ext/1568745167/main.o
                0x9fc01560                __vector_dispatch_27
                0x00000001                ASSERT (((_vector_spacing == 0x0) || (SIZEOF (.vector_27) <= (_vector_spacing << 0x5))), function at exception vector 27 too large)

.vector_28      0x9fc01580        0x8
 *(.vector_28)
 .vector_28     0x9fc01580        0x8 c:/program files (x86)/microchip/xc32/v1.30/bin/../lib/gcc/pic32mx/4.5.2/../../../../pic32mx/lib\libpic32.a(vector28.o)
                0x9fc01580                __vector_dispatch_28
                0x00000001                ASSERT (((_vector_spacing == 0x0) || (SIZEOF (.vector_28) <= (_vector_spacing << 0x5))), function at exception vector 28 too large)

.vector_29      0x9fc015a0        0x8
 *(.vector_29)
 .vector_29     0x9fc015a0        0x8 c:/program files (x86)/microchip/xc32/v1.30/bin/../lib/gcc/pic32mx/4.5.2/../../../../pic32mx/lib\libpic32.a(vector29.o)
                0x9fc015a0                __vector_dispatch_29
                0x00000001                ASSERT (((_vector_spacing == 0x0) || (SIZEOF (.vector_29) <= (_vector_spacing << 0x5))), function at exception vector 29 too large)

.vector_30      0x9fc015c0        0x8
 *(.vector_30)
 .vector_30     0x9fc015c0        0x8 c:/program files (x86)/microchip/xc32/v1.30/bin/../lib/gcc/pic32mx/4.5.2/../../../../pic32mx/lib\libpic32.a(vector30.o)
                0x9fc015c0                __vector_dispatch_30
                0x00000001                ASSERT (((_vector_spacing == 0x0) || (SIZEOF (.vector_30) <= (_vector_spacing << 0x5))), function at exception vector 30 too large)

.vector_31      0x9fc015e0        0x8
 *(.vector_31)
 .vector_31     0x9fc015e0        0x8 c:/program files (x86)/microchip/xc32/v1.30/bin/../lib/gcc/pic32mx/4.5.2/../../../../pic32mx/lib\libpic32.a(vector31.o)
                0x9fc015e0                __vector_dispatch_31
                0x00000001                ASSERT (((_vector_spacing == 0x0) || (SIZEOF (.vector_31) <= (_vector_spacing << 0x5))), function at exception vector 31 too large)

.vector_32      0x9fc01600        0x8
 *(.vector_32)
 .vector_32     0x9fc01600        0x8 build/default/production/_ext/1568745167/main.o
                0x9fc01600                __vector_dispatch_32
                0x00000001                ASSERT (((_vector_spacing == 0x0) || (SIZEOF (.vector_32) <= (_vector_spacing << 0x5))), function at exception vector 32 too large)

.vector_33      0x9fc01620        0x8
 *(.vector_33)
 .vector_33     0x9fc01620        0x8 c:/program files (x86)/microchip/xc32/v1.30/bin/../lib/gcc/pic32mx/4.5.2/../../../../pic32mx/lib\libpic32.a(vector33.o)
                0x9fc01620                __vector_dispatch_33
                0x00000001                ASSERT (((_vector_spacing == 0x0) || (SIZEOF (.vector_33) <= (_vector_spacing << 0x5))), function at exception vector 33 too large)

.vector_34      0x9fc01640        0x8
 *(.vector_34)
 .vector_34     0x9fc01640        0x8 c:/program files (x86)/microchip/xc32/v1.30/bin/../lib/gcc/pic32mx/4.5.2/../../../../pic32mx/lib\libpic32.a(vector34.o)
                0x9fc01640                __vector_dispatch_34
                0x00000001                ASSERT (((_vector_spacing == 0x0) || (SIZEOF (.vector_34) <= (_vector_spacing << 0x5))), function at exception vector 34 too large)

.vector_35      0x9fc01660        0x8
 *(.vector_35)
 .vector_35     0x9fc01660        0x8 c:/program files (x86)/microchip/xc32/v1.30/bin/../lib/gcc/pic32mx/4.5.2/../../../../pic32mx/lib\libpic32.a(vector35.o)
                0x9fc01660                __vector_dispatch_35
                0x00000001                ASSERT (((_vector_spacing == 0x0) || (SIZEOF (.vector_35) <= (_vector_spacing << 0x5))), function at exception vector 35 too large)

.vector_36      0x9fc01680        0x8
 *(.vector_36)
 .vector_36     0x9fc01680        0x8 build/default/production/_ext/1568745167/main.o
                0x9fc01680                __vector_dispatch_36
                0x00000001                ASSERT (((_vector_spacing == 0x0) || (SIZEOF (.vector_36) <= (_vector_spacing << 0x5))), function at exception vector 36 too large)

.vector_37      0x9fc016a0        0x8
 *(.vector_37)
 .vector_37     0x9fc016a0        0x8 c:/program files (x86)/microchip/xc32/v1.30/bin/../lib/gcc/pic32mx/4.5.2/../../../../pic32mx/lib\libpic32.a(vector37.o)
                0x9fc016a0                __vector_dispatch_37
                0x00000001                ASSERT (((_vector_spacing == 0x0) || (SIZEOF (.vector_37) <= (_vector_spacing << 0x5))), function at exception vector 37 too large)

.vector_38      0x9fc016c0        0x8
 *(.vector_38)
 .vector_38     0x9fc016c0        0x8 c:/program files (x86)/microchip/xc32/v1.30/bin/../lib/gcc/pic32mx/4.5.2/../../../../pic32mx/lib\libpic32.a(vector38.o)
                0x9fc016c0                __vector_dispatch_38
                0x00000001                ASSERT (((_vector_spacing == 0x0) || (SIZEOF (.vector_38) <= (_vector_spacing << 0x5))), function at exception vector 38 too large)

.vector_39      0x9fc016e0        0x8
 *(.vector_39)
 .vector_39     0x9fc016e0        0x8 c:/program files (x86)/microchip/xc32/v1.30/bin/../lib/gcc/pic32mx/4.5.2/../../../../pic32mx/lib\libpic32.a(vector39.o)
                0x9fc016e0                __vector_dispatch_39
                0x00000001                ASSERT (((_vector_spacing == 0x0) || (SIZEOF (.vector_39) <= (_vector_spacing << 0x5))), function at exception vector 39 too large)

.vector_40      0x9fc01700        0x8
 *(.vector_40)
 .vector_40     0x9fc01700        0x8 c:/program files (x86)/microchip/xc32/v1.30/bin/../lib/gcc/pic32mx/4.5.2/../../../../pic32mx/lib\libpic32.a(vector40.o)
                0x9fc01700                __vector_dispatch_40
                0x00000001                ASSERT (((_vector_spacing == 0x0) || (SIZEOF (.vector_40) <= (_vector_spacing << 0x5))), function at exception vector 40 too large)

.vector_41      0x9fc01720        0x8
 *(.vector_41)
 .vector_41     0x9fc01720        0x8 c:/program files (x86)/microchip/xc32/v1.30/bin/../lib/gcc/pic32mx/4.5.2/../../../../pic32mx/lib\libpic32.a(vector41.o)
                0x9fc01720                __vector_dispatch_41
                0x00000001                ASSERT (((_vector_spacing == 0x0) || (SIZEOF (.vector_41) <= (_vector_spacing << 0x5))), function at exception vector 41 too large)

.vector_42      0x9fc01740        0x8
 *(.vector_42)
 .vector_42     0x9fc01740        0x8 c:/program files (x86)/microchip/xc32/v1.30/bin/../lib/gcc/pic32mx/4.5.2/../../../../pic32mx/lib\libpic32.a(vector42.o)
                0x9fc01740                __vector_dispatch_42
                0x00000001                ASSERT (((_vector_spacing == 0x0) || (SIZEOF (.vector_42) <= (_vector_spacing << 0x5))), function at exception vector 42 too large)

.vector_43      0x9fc01760        0x8
 *(.vector_43)
 .vector_43     0x9fc01760        0x8 c:/program files (x86)/microchip/xc32/v1.30/bin/../lib/gcc/pic32mx/4.5.2/../../../../pic32mx/lib\libpic32.a(vector43.o)
                0x9fc01760                __vector_dispatch_43
                0x00000001                ASSERT (((_vector_spacing == 0x0) || (SIZEOF (.vector_43) <= (_vector_spacing << 0x5))), function at exception vector 43 too large)

.vector_44      0x9fc01780        0x8
 *(.vector_44)
 .vector_44     0x9fc01780        0x8 c:/program files (x86)/microchip/xc32/v1.30/bin/../lib/gcc/pic32mx/4.5.2/../../../../pic32mx/lib\libpic32.a(vector44.o)
                0x9fc01780                __vector_dispatch_44
                0x00000001                ASSERT (((_vector_spacing == 0x0) || (SIZEOF (.vector_44) <= (_vector_spacing << 0x5))), function at exception vector 44 too large)

.vector_45      0x9fc017a0        0x8
 *(.vector_45)
 .vector_45     0x9fc017a0        0x8 c:/program files (x86)/microchip/xc32/v1.30/bin/../lib/gcc/pic32mx/4.5.2/../../../../pic32mx/lib\libpic32.a(vector45.o)
                0x9fc017a0                __vector_dispatch_45
                0x00000001                ASSERT (((_vector_spacing == 0x0) || (SIZEOF (.vector_45) <= (_vector_spacing << 0x5))), function at exception vector 45 too large)

.vector_46      0x9fc017c0        0x8
 *(.vector_46)
 .vector_46     0x9fc017c0        0x8 c:/program files (x86)/microchip/xc32/v1.30/bin/../lib/gcc/pic32mx/4.5.2/../../../../pic32mx/lib\libpic32.a(vector46.o)
                0x9fc017c0                __vector_dispatch_46
                0x00000001                ASSERT (((_vector_spacing == 0x0) || (SIZEOF (.vector_46) <= (_vector_spacing << 0x5))), function at exception vector 46 too large)

.vector_47      0x9fc017e0        0x8
 *(.vector_47)
 .vector_47     0x9fc017e0        0x8 c:/program files (x86)/microchip/xc32/v1.30/bin/../lib/gcc/pic32mx/4.5.2/../../../../pic32mx/lib\libpic32.a(vector47.o)
                0x9fc017e0                __vector_dispatch_47
                0x00000001                ASSERT (((_vector_spacing == 0x0) || (SIZEOF (.vector_47) <= (_vector_spacing << 0x5))), function at exception vector 47 too large)

.vector_48      0x9fc01800        0x8
 *(.vector_48)
 .vector_48     0x9fc01800        0x8 c:/program files (x86)/microchip/xc32/v1.30/bin/../lib/gcc/pic32mx/4.5.2/../../../../pic32mx/lib\libpic32.a(vector48.o)
                0x9fc01800                __vector_dispatch_48
                0x00000001                ASSERT (((_vector_spacing == 0x0) || (SIZEOF (.vector_48) <= (_vector_spacing << 0x5))), function at exception vector 48 too large)

.vector_49      0x9fc01820        0x8
 *(.vector_49)
 .vector_49     0x9fc01820        0x8 c:/program files (x86)/microchip/xc32/v1.30/bin/../lib/gcc/pic32mx/4.5.2/../../../../pic32mx/lib\libpic32.a(vector49.o)
                0x9fc01820                __vector_dispatch_49
                0x00000001                ASSERT (((_vector_spacing == 0x0) || (SIZEOF (.vector_49) <= (_vector_spacing << 0x5))), function at exception vector 49 too large)

.vector_50      0x9fc01840        0x8
 *(.vector_50)
 .vector_50     0x9fc01840        0x8 c:/program files (x86)/microchip/xc32/v1.30/bin/../lib/gcc/pic32mx/4.5.2/../../../../pic32mx/lib\libpic32.a(vector50.o)
                0x9fc01840                __vector_dispatch_50
                0x00000001                ASSERT (((_vector_spacing == 0x0) || (SIZEOF (.vector_50) <= (_vector_spacing << 0x5))), function at exception vector 50 too large)

.vector_51      0x9fc01860        0x8
 *(.vector_51)
 .vector_51     0x9fc01860        0x8 c:/program files (x86)/microchip/xc32/v1.30/bin/../lib/gcc/pic32mx/4.5.2/../../../../pic32mx/lib\libpic32.a(vector51.o)
                0x9fc01860                __vector_dispatch_51
                0x00000001                ASSERT (((_vector_spacing == 0x0) || (SIZEOF (.vector_51) <= (_vector_spacing << 0x5))), function at exception vector 51 too large)

.vector_52      0x9fc01880        0x8
 *(.vector_52)
 .vector_52     0x9fc01880        0x8 c:/program files (x86)/microchip/xc32/v1.30/bin/../lib/gcc/pic32mx/4.5.2/../../../../pic32mx/lib\libpic32.a(vector52.o)
                0x9fc01880                __vector_dispatch_52
                0x00000001                ASSERT (((_vector_spacing == 0x0) || (SIZEOF (.vector_52) <= (_vector_spacing << 0x5))), function at exception vector 52 too large)

.vector_53      0x9fc018a0        0x8
 *(.vector_53)
 .vector_53     0x9fc018a0        0x8 c:/program files (x86)/microchip/xc32/v1.30/bin/../lib/gcc/pic32mx/4.5.2/../../../../pic32mx/lib\libpic32.a(vector53.o)
                0x9fc018a0                __vector_dispatch_53
                0x00000001                ASSERT (((_vector_spacing == 0x0) || (SIZEOF (.vector_53) <= (_vector_spacing << 0x5))), function at exception vector 53 too large)

.vector_54      0x9fc018c0        0x8
 *(.vector_54)
 .vector_54     0x9fc018c0        0x8 c:/program files (x86)/microchip/xc32/v1.30/bin/../lib/gcc/pic32mx/4.5.2/../../../../pic32mx/lib\libpic32.a(vector54.o)
                0x9fc018c0                __vector_dispatch_54
                0x00000001                ASSERT (((_vector_spacing == 0x0) || (SIZEOF (.vector_54) <= (_vector_spacing << 0x5))), function at exception vector 54 too large)

.vector_55      0x9fc018e0        0x8
 *(.vector_55)
 .vector_55     0x9fc018e0        0x8 c:/program files (x86)/microchip/xc32/v1.30/bin/../lib/gcc/pic32mx/4.5.2/../../../../pic32mx/lib\libpic32.a(vector55.o)
                0x9fc018e0                __vector_dispatch_55
                0x00000001                ASSERT (((_vector_spacing == 0x0) || (SIZEOF (.vector_55) <= (_vector_spacing << 0x5))), function at exception vector 55 too large)

.vector_56      0x9fc01900        0x8
 *(.vector_56)
 .vector_56     0x9fc01900        0x8 c:/program files (x86)/microchip/xc32/v1.30/bin/../lib/gcc/pic32mx/4.5.2/../../../../pic32mx/lib\libpic32.a(vector56.o)
                0x9fc01900                __vector_dispatch_56
                0x00000001                ASSERT (((_vector_spacing == 0x0) || (SIZEOF (.vector_56) <= (_vector_spacing << 0x5))), function at exception vector 56 too large)

.vector_57      0x9fc01920        0x8
 *(.vector_57)
 .vector_57     0x9fc01920        0x8 c:/program files (x86)/microchip/xc32/v1.30/bin/../lib/gcc/pic32mx/4.5.2/../../../../pic32mx/lib\libpic32.a(vector57.o)
                0x9fc01920                __vector_dispatch_57
                0x00000001                ASSERT (((_vector_spacing == 0x0) || (SIZEOF (.vector_57) <= (_vector_spacing << 0x5))), function at exception vector 57 too large)

.vector_58      0x9fc01940        0x8
 *(.vector_58)
 .vector_58     0x9fc01940        0x8 c:/program files (x86)/microchip/xc32/v1.30/bin/../lib/gcc/pic32mx/4.5.2/../../../../pic32mx/lib\libpic32.a(vector58.o)
                0x9fc01940                __vector_dispatch_58
                0x00000001                ASSERT (((_vector_spacing == 0x0) || (SIZEOF (.vector_58) <= (_vector_spacing << 0x5))), function at exception vector 58 too large)

.vector_59      0x9fc01960        0x8
 *(.vector_59)
 .vector_59     0x9fc01960        0x8 c:/program files (x86)/microchip/xc32/v1.30/bin/../lib/gcc/pic32mx/4.5.2/../../../../pic32mx/lib\libpic32.a(vector59.o)
                0x9fc01960                __vector_dispatch_59
                0x00000001                ASSERT (((_vector_spacing == 0x0) || (SIZEOF (.vector_59) <= (_vector_spacing << 0x5))), function at exception vector 59 too large)

.vector_60      0x9fc01980        0x8
 *(.vector_60)
 .vector_60     0x9fc01980        0x8 c:/program files (x86)/microchip/xc32/v1.30/bin/../lib/gcc/pic32mx/4.5.2/../../../../pic32mx/lib\libpic32.a(vector60.o)
                0x9fc01980                __vector_dispatch_60
                0x00000001                ASSERT (((_vector_spacing == 0x0) || (SIZEOF (.vector_60) <= (_vector_spacing << 0x5))), function at exception vector 60 too large)

.vector_61      0x9fc019a0        0x8
 *(.vector_61)
 .vector_61     0x9fc019a0        0x8 c:/program files (x86)/microchip/xc32/v1.30/bin/../lib/gcc/pic32mx/4.5.2/../../../../pic32mx/lib\libpic32.a(vector61.o)
                0x9fc019a0                __vector_dispatch_61
                0x00000001                ASSERT (((_vector_spacing == 0x0) || (SIZEOF (.vector_61) <= (_vector_spacing << 0x5))), function at exception vector 61 too large)

.vector_62      0x9fc019c0        0x8
 *(.vector_62)
 .vector_62     0x9fc019c0        0x8 c:/program files (x86)/microchip/xc32/v1.30/bin/../lib/gcc/pic32mx/4.5.2/../../../../pic32mx/lib\libpic32.a(vector62.o)
                0x9fc019c0                __vector_dispatch_62
                0x00000001                ASSERT (((_vector_spacing == 0x0) || (SIZEOF (.vector_62) <= (_vector_spacing << 0x5))), function at exception vector 62 too large)

.vector_63      0x9fc019e0        0x8
 *(.vector_63)
 .vector_63     0x9fc019e0        0x8 c:/program files (x86)/microchip/xc32/v1.30/bin/../lib/gcc/pic32mx/4.5.2/../../../../pic32mx/lib\libpic32.a(vector63.o)
                0x9fc019e0                __vector_dispatch_63
                0x00000001                ASSERT (((_vector_spacing == 0x0) || (SIZEOF (.vector_63) <= (_vector_spacing << 0x5))), function at exception vector 63 too large)

.startup
 *(.startup)

.text           0x9d000000        0x0
 *(.stub .gnu.linkonce.t.*)
 *(.text.*personality*)
 *(.mips16.fn.*)
 *(.mips16.call.*)
 *(.gnu.warning)
                0x9d000000                . = ALIGN (0x4)

.init           0x9d000000        0x0
 *crti.o(.init)
 *crtbegin.o(.init)
 *(EXCLUDE_FILE(*crtn.o *crtend?.o *crtend.o) .init)
 *crtend.o(.init)
 *crtn.o(.init)
                0x9d000000                . = ALIGN (0x4)

.fini           0x9d000000        0x0
 *(.fini)
                0x9d000000                . = ALIGN (0x4)

.preinit_array  0x9d000000        0x0
                0x9d000000                PROVIDE (__preinit_array_start, .)
 *(.preinit_array)
                0x9d000000                PROVIDE (__preinit_array_end, .)
                0x9d000000                . = ALIGN (0x4)

.init_array     0x9d000000        0x0
                0x9d000000                PROVIDE (__init_array_start, .)
 *(SORT(.init_array.*))
 *(.init_array)
                0x9d000000                PROVIDE (__init_array_end, .)
                0x9d000000                . = ALIGN (0x4)

.fini_array     0x9d000000        0x0
                0x9d000000                PROVIDE (__fini_array_start, .)
 *(SORT(.fini_array.*))
 *(.fini_array)
                0x9d000000                PROVIDE (__fini_array_end, .)
                0x9d000000                . = ALIGN (0x4)

.ctors          0x9d000000        0x0
 *crtbegin.o(.ctors)
 *crtbegin?.o(.ctors)
 *(EXCLUDE_FILE(*crtend?.o *crtend.o) .ctors)
 *(SORT(.ctors.*))
 *(.ctors)
                0x9d000000                . = ALIGN (0x4)

.dtors          0x9d000000        0x0
 *crtbegin.o(.dtors)
 *crtbegin?.o(.dtors)
 *(EXCLUDE_FILE(*crtend?.o *crtend.o) .dtors)
 *(SORT(.dtors.*))
 *(.dtors)
                0x9d000000                . = ALIGN (0x4)

.rodata         0x9d000000        0x0
 *(.gnu.linkonce.r.*)
 *(.rodata1)
                0x9d000000                . = ALIGN (0x4)

.sdata2         0x9fc00490        0x0
 *(.sdata2 .sdata2.* .gnu.linkonce.s2.*)
                0x9fc00490                . = ALIGN (0x4)

.sbss2          0x9fc00490        0x0
 *(.sbss2 .sbss2.* .gnu.linkonce.sb2.*)
                0x9fc00490                . = ALIGN (0x4)

.eh_frame_hdr
 *(.eh_frame_hdr)
                0x9fc00490                . = ALIGN (0x4)

.eh_frame
 *(.eh_frame)
                0x9fc00490                . = ALIGN (0x4)

.gcc_except_table
 *(.gcc_except_table .gcc_except_table.*)
                0x9fc00490                . = ALIGN (0x4)

.dbg_data       0xa0000000        0x0
                0xa0000000                . = (. + DEFINED (_DEBUGGER)?0x200:0x0)

.jcr            0xa0000000        0x0
 *(.jcr)
                0xa0000000                . = ALIGN (0x4)

.eh_frame       0xa0000000       0x30
 *(.eh_frame)
 .eh_frame      0xa0000000       0x20 c:/program files (x86)/microchip/xc32/v1.30/bin/../lib/gcc/pic32mx/4.5.2\libgcc.a(_udivdi3.o)
 .eh_frame      0xa0000020       0x10 c:/program files (x86)/microchip/xc32/v1.30/bin/../lib/gcc/pic32mx/4.5.2\libgcc.a(_umoddi3.o)
                0xa0000030                . = ALIGN (0x4)

.gcc_except_table
 *(.gcc_except_table .gcc_except_table.*)
                0xa0000030                . = ALIGN (0x4)

.persist        0xa0000030        0x0
                0xa0000030                _persist_begin = .
 *(.persist .persist.*)
 *(.pbss .pbss.*)
                0xa0000030                . = ALIGN (0x4)
                0xa0000030                _persist_end = .

.data           0xa0000030        0x0
 *(.gnu.linkonce.d.*)
 *(.data1)
                0xa0000030                . = ALIGN (0x4)
                0xa0000030                . = .
                0xa0008020                _gp = (ALIGN (0x10) + 0x7ff0)

.got            0xa0000030        0x0
 *(.got.plt)
 *(.got)
                0xa0000030                . = ALIGN (0x4)

.sdata          0xa0000030       0x18
                0xa0000030                _sdata_begin = .
 *(.sdata .sdata.* .gnu.linkonce.s.*)
 .sdata         0xa0000030       0x10 build/default/production/_ext/1568745167/main.o
                0xa0000030                displayMode
                0xa0000034                latchHigh
                0xa0000038                Delaymultiplier
 .sdata         0xa0000040        0x4 c:/program files (x86)/microchip/xc32/v1.30/bin/../lib/gcc/pic32mx/4.5.2/../../../../pic32mx/lib\libc.a(_iob.o)
                0xa0000040                _Files
 .sdata         0xa0000044        0x4 c:/program files (x86)/microchip/xc32/v1.30/bin/../lib/gcc/pic32mx/4.5.2/../../../../pic32mx/lib\libpic32.a(xc32_uart.o)
                0xa0000044                __XC_UART
                0xa0000048                . = ALIGN (0x4)
                0xa0000048                _sdata_end = .

.lit8
 *(.lit8)

.lit4
 *(.lit4)
                0xa0000048                . = ALIGN (0x4)
                0xa0000048                _data_end = .
                0xa0000048                _bss_begin = .

.sbss           0xa0000048       0x50
                0xa0000048                _sbss_begin = .
 *(.dynsbss)
 *(.sbss .sbss.* .gnu.linkonce.sb.*)
 .sbss          0xa0000048       0x20 build/default/production/_ext/1568745167/main.o
                0xa0000048                RS485BufferFull
                0xa0000049                DmaIntFlag
                0xa000004a                command
                0xa000004c                line
                0xa000004e                dataOffset
                0xa0000050                colorPlane
                0xa0000054                Timer1MilliSeconds
                0xa0000058                Timer1Flag
                0xa000005a                packetSize
                0xa000005c                packetCounter
                0xa000005e                BoardAlias
 .sbss          0xa0000068        0x1 c:/program files (x86)/microchip/xc32/v1.30/bin/../lib/gcc/pic32mx/4.5.2/../../../../pic32mx/lib\libc.a(_iob.o)
                0xa0000068                _outdone
 *(.scommon)
 *fill*         0xa0000069        0x3 
 .scommon       0xa000006c       0x2c build/default/production/_ext/1568745167/main.o
                0xa000006c                RS485uartActualBaudrate
                0xa0000070                RS485TxLength
                0xa0000074                brightAdjust
                0xa0000078                redAdjust
                0xa000007c                greenAdjust
                0xa0000080                HOSTRxLength
                0xa0000084                convert
                0xa0000086                HOSTTxLength
                0xa0000088                RS485RxLength
                0xa000008c                arrPots
                0xa0000090                HOSTuartActualBaudrate
                0xa0000094                blueAdjust
 .scommon       0xa0000098        0x0 build/default/production/_ext/1568745167/CRC Byte Check.o
 .scommon       0xa0000098        0x0 build/default/production/_ext/1568745167/AT45DB641.o
                0xa0000098                _sbss_end = .
                0xa0000098                . = ALIGN (0x4)

.bss            0xa0000098     0xae00
 *(.dynbss)
 *(COMMON)
 COMMON         0xa0000098     0xae00 build/default/production/_ext/1568745167/main.o
                0xa0000098                panelUpdateBytes
                0xa0000298                panelData
                0xa0002298                RS485RxBuffer
                0xa0003298                tempPanel
                0xa0003498                matrixOutData
                0xa0005898                RS485TxBuffer
                0xa0005998                matrix
                0xa0007998                RS485RxData
                0xa0008998                HOSTTxBuffer
                0xa0008a98                HOSTRxData
                0xa0008b98                RS485RxBufferCopy
                0xa0009b98                USBpanelData
                0xa000ad98                HOSTRxBuffer
                0xa000ae98                . = ALIGN ((. != 0x0)?0x4:0x1)
                0xa000ae98                . = ALIGN (0x4)
                0xa000ae98                _end = .
                0xa000ae98                _bss_end = .
                0x00020000                _bmxdudba_address = 0x20000
                0x00020000                _bmxdupba_address = 0x20000

/DISCARD/
 *(.pdr)
 *(.rel.dyn)
 *(.note.GNU-stack)
 *(.note.GNU-stack)
 *(.gnu_debuglink)
 *(.gnu.lto_*)
 *(.discard)

.gptab.sdata
 *(.gptab.data)
 *(.gptab.sdata)

.gptab.sbss
 *(.gptab.bss)
 *(.gptab.sbss)

.mdebug.abi32   0xa000ae98        0x0
 *(.mdebug.abi32)
 .mdebug.abi32  0xa000ae98        0x0 build/default/production/_ext/1568745167/main.o
 .mdebug.abi32  0xa000ae98        0x0 build/default/production/_ext/1568745167/CRC Byte Check.o
 .mdebug.abi32  0xa000ae98        0x0 build/default/production/_ext/1568745167/DelayPIC32.o
 .mdebug.abi32  0xa000ae98        0x0 build/default/production/_ext/1568745167/AT45DB641.o
 .mdebug.abi32  0xa000ae98        0x0 c:/program files (x86)/microchip/xc32/v1.30/bin/../lib/gcc/pic32mx/4.5.2/../../../../pic32mx/lib\libmchp_peripheral_32MX795F512L.a(pcache.o)
 .mdebug.abi32  0xa000ae98        0x0 c:/program files (x86)/microchip/xc32/v1.30/bin/../lib/gcc/pic32mx/4.5.2/../../../../pic32mx/lib\libmchp_peripheral_32MX795F512L.a(int_disable_interrupts_lib.o)
 .mdebug.abi32  0xa000ae98        0x0 c:/program files (x86)/microchip/xc32/v1.30/bin/../lib/gcc/pic32mx/4.5.2/../../../../pic32mx/lib\libmchp_peripheral_32MX795F512L.a(int_restore_interrupts_lib.o)
 .mdebug.abi32  0xa000ae98        0x0 c:/program files (x86)/microchip/xc32/v1.30/bin/../lib/gcc/pic32mx/4.5.2/../../../../pic32mx/lib\libmchp_peripheral_32MX795F512L.a(int_tbl_lib.o)
 .mdebug.abi32  0xa000ae98        0x0 c:/program files (x86)/microchip/xc32/v1.30/bin/../lib/gcc/pic32mx/4.5.2/../../../../pic32mx/lib\libmchp_peripheral_32MX795F512L.a(spi_chn_getc_lib.o)
 .mdebug.abi32  0xa000ae98        0x0 c:/program files (x86)/microchip/xc32/v1.30/bin/../lib/gcc/pic32mx/4.5.2/../../../../pic32mx/lib\libmchp_peripheral_32MX795F512L.a(spi_chn_open_lib.o)
 .mdebug.abi32  0xa000ae98        0x0 c:/program files (x86)/microchip/xc32/v1.30/bin/../lib/gcc/pic32mx/4.5.2/../../../../pic32mx/lib\libmchp_peripheral_32MX795F512L.a(spi_chn_putc_lib.o)
 .mdebug.abi32  0xa000ae98        0x0 c:/program files (x86)/microchip/xc32/v1.30/bin/../lib/gcc/pic32mx/4.5.2/../../../../pic32mx/lib\libmchp_peripheral_32MX795F512L.a(spi_io_tbl_libp.o)
 .mdebug.abi32  0xa000ae98        0x0 c:/program files (x86)/microchip/xc32/v1.30/bin/../lib/gcc/pic32mx/4.5.2/../../../../pic32mx/lib\libmchp_peripheral_32MX795F512L.a(spi_map_tbl_libp.o)
 .mdebug.abi32  0xa000ae98        0x0 c:/program files (x86)/microchip/xc32/v1.30/bin/../lib/gcc/pic32mx/4.5.2/../../../../pic32mx/lib\libmchp_peripheral_32MX795F512L.a(dma_chn_set_ev_enable_flags_lib.o)
 .mdebug.abi32  0xa000ae98        0x0 c:/program files (x86)/microchip/xc32/v1.30/bin/../lib/gcc/pic32mx/4.5.2/../../../../pic32mx/lib\libmchp_peripheral_32MX795F512L.a(dma_chn_clr_ev_flags_lib.o)
 .mdebug.abi32  0xa000ae98        0x0 c:/program files (x86)/microchip/xc32/v1.30/bin/../lib/gcc/pic32mx/4.5.2/../../../../pic32mx/lib\libmchp_peripheral_32MX795F512L.a(dma_chn_open_lib.o)
 .mdebug.abi32  0xa000ae98        0x0 c:/program files (x86)/microchip/xc32/v1.30/bin/../lib/gcc/pic32mx/4.5.2/../../../../pic32mx/lib\libmchp_peripheral_32MX795F512L.a(dma_chn_enable_lib.o)
 .mdebug.abi32  0xa000ae98        0x0 c:/program files (x86)/microchip/xc32/v1.30/bin/../lib/gcc/pic32mx/4.5.2/../../../../pic32mx/lib\libmchp_peripheral_32MX795F512L.a(dma_chn_get_ev_flags_lib.o)
 .mdebug.abi32  0xa000ae98        0x0 c:/program files (x86)/microchip/xc32/v1.30/bin/../lib/gcc/pic32mx/4.5.2/../../../../pic32mx/lib\libmchp_peripheral_32MX795F512L.a(dma_chn_write_event_control_flags_lib.o)
 .mdebug.abi32  0xa000ae98        0x0 c:/program files (x86)/microchip/xc32/v1.30/bin/../lib/gcc/pic32mx/4.5.2/../../../../pic32mx/lib\libmchp_peripheral_32MX795F512L.a(dma_chn_set_match_pattern_lib.o)
 .mdebug.abi32  0xa000ae98        0x0 c:/program files (x86)/microchip/xc32/v1.30/bin/../lib/gcc/pic32mx/4.5.2/../../../../pic32mx/lib\libmchp_peripheral_32MX795F512L.a(dma_chn_set_txfer_lib.o)
 .mdebug.abi32  0xa000ae98        0x0 c:/program files (x86)/microchip/xc32/v1.30/bin/../lib/gcc/pic32mx/4.5.2/../../../../pic32mx/lib\libmchp_peripheral_32MX795F512L.a(dma_reg_map_tbl_lib.o)
 .mdebug.abi32  0xa000ae98        0x0 c:/program files (x86)/microchip/xc32/v1.30/bin/../lib/gcc/pic32mx/4.5.2/../../../../pic32mx/lib\libmchp_peripheral_32MX795F512L.a(dma_chn_force_txfer_lib.o)
 .mdebug.abi32  0xa000ae98        0x0 c:/program files (x86)/microchip/xc32/v1.30/bin/../lib/gcc/pic32mx/4.5.2/../../../../pic32mx/lib\libmchp_peripheral_32MX795F512L.a(port_set_pins_digital_in_lib.o)
 .mdebug.abi32  0xa000ae98        0x0 c:/program files (x86)/microchip/xc32/v1.30/bin/../lib/gcc/pic32mx/4.5.2/../../../../pic32mx/lib\libmchp_peripheral_32MX795F512L.a(port_set_pins_digital_out_lib.o)
 .mdebug.abi32  0xa000ae98        0x0 c:/program files (x86)/microchip/xc32/v1.30/bin/../lib/gcc/pic32mx/4.5.2/../../../../pic32mx/lib\libmchp_peripheral_32MX795F512L.a(port_set_bits_lib.o)
 .mdebug.abi32  0xa000ae98        0x0 c:/program files (x86)/microchip/xc32/v1.30/bin/../lib/gcc/pic32mx/4.5.2/../../../../pic32mx/lib\libmchp_peripheral_32MX795F512L.a(_ports_tbl_libp.o)
 .mdebug.abi32  0xa000ae98        0x0 c:/program files (x86)/microchip/xc32/v1.30/bin/../lib/gcc/pic32mx/4.5.2/../../../../pic32mx/lib\libmchp_peripheral_32MX795F512L.a(uart_lib.o)
 .mdebug.abi32  0xa000ae98        0x0 c:/program files (x86)/microchip/xc32/v1.30/bin/../lib/gcc/pic32mx/4.5.2/../../../../pic32mx/lib\libpic32.a(default-bootstrap-exception-handler.o)
 .mdebug.abi32  0xa000ae98        0x0 c:/program files (x86)/microchip/xc32/v1.30/bin/../lib/gcc/pic32mx/4.5.2/../../../../pic32mx/lib\libpic32.a(default-on-reset.o)
 .mdebug.abi32  0xa000ae98        0x0 c:/program files (x86)/microchip/xc32/v1.30/bin/../lib/gcc/pic32mx/4.5.2/../../../../pic32mx/lib\libpic32.a(default-on-bootstrap.o)
 .mdebug.abi32  0xa000ae98        0x0 c:/program files (x86)/microchip/xc32/v1.30/bin/../lib/gcc/pic32mx/4.5.2/../../../../pic32mx/lib\libpic32.a(default-general-exception-handler.o)
 .mdebug.abi32  0xa000ae98        0x0 c:/program files (x86)/microchip/xc32/v1.30/bin/../lib/gcc/pic32mx/4.5.2/../../../../pic32mx/lib\libpic32.a(defaultinterrupt.o)
 .mdebug.abi32  0xa000ae98        0x0 c:/program files (x86)/microchip/xc32/v1.30/bin/../lib/gcc/pic32mx/4.5.2/../../../../pic32mx/lib\libc.a(printf_cdnopsuxX.eo)
 .mdebug.abi32  0xa000ae98        0x0 c:/program files (x86)/microchip/xc32/v1.30/bin/../lib/gcc/pic32mx/4.5.2/../../../../pic32mx/lib\libc.a(_iob.o)
 .mdebug.abi32  0xa000ae98        0x0 c:/program files (x86)/microchip/xc32/v1.30/bin/../lib/gcc/pic32mx/4.5.2/../../../../pic32mx/lib\libc.a(doprnt_cdnopsuxX.eo)
 .mdebug.abi32  0xa000ae98        0x0 c:/program files (x86)/microchip/xc32/v1.30/bin/../lib/gcc/pic32mx/4.5.2/../../../../pic32mx/lib\libc.a(_fputc_simple.o)
 .mdebug.abi32  0xa000ae98        0x0 c:/program files (x86)/microchip/xc32/v1.30/bin/../lib/gcc/pic32mx/4.5.2/../../../../pic32mx/lib\libc.a(ctype.o)
 .mdebug.abi32  0xa000ae98        0x0 c:/program files (x86)/microchip/xc32/v1.30/bin/../lib/gcc/pic32mx/4.5.2/../../../../pic32mx/lib\libc.a(_flsbuf_simple.o)
 .mdebug.abi32  0xa000ae98        0x0 c:/program files (x86)/microchip/xc32/v1.30/bin/../lib/gcc/pic32mx/4.5.2/../../../../pic32mx/lib\libpic32.a(write.o)
 .mdebug.abi32  0xa000ae98        0x0 c:/program files (x86)/microchip/xc32/v1.30/bin/../lib/gcc/pic32mx/4.5.2/../../../../pic32mx/lib\libpic32.a(_mon_putc.o)
 .mdebug.abi32  0xa000ae98        0x0 c:/program files (x86)/microchip/xc32/v1.30/bin/../lib/gcc/pic32mx/4.5.2/../../../../pic32mx/lib\libpic32.a(xc32_uart.o)
 .mdebug.abi32  0xa000ae98        0x0 c:/program files (x86)/microchip/xc32/v1.30/bin/../lib/gcc/pic32mx/4.5.2\libgcc.a(_udivdi3.o)
 .mdebug.abi32  0xa000ae98        0x0 c:/program files (x86)/microchip/xc32/v1.30/bin/../lib/gcc/pic32mx/4.5.2\libgcc.a(_umoddi3.o)

.mdebug.abiN32
 *(.mdebug.abiN32)

.mdebug.abi64
 *(.mdebug.abi64)

.mdebug.abiO64
 *(.mdebug.abiO64)

.mdebug.eabi32
 *(.mdebug.eabi32)

.mdebug.eabi64
 *(.mdebug.eabi64)

.gcc_compiled_long32
 *(.gcc_compiled_long32)

.gcc_compiled_long64
 *(.gcc_compiled_long64)

.stab
 *(.stab)

.stabstr
 *(.stabstr)

.stab.excl
 *(.stab.excl)

.stab.exclstr
 *(.stab.exclstr)

.stab.index
 *(.stab.index)

.stab.indexstr
 *(.stab.indexstr)

.comment        0x00000000       0xc6
 *(.comment)
 .comment       0x00000000       0x3c build/default/production/_ext/1568745167/main.o
                                 0x3d (size before relaxing)
 .comment       0x00000000       0x3d build/default/production/_ext/1568745167/CRC Byte Check.o
 .comment       0x00000000       0x3d build/default/production/_ext/1568745167/DelayPIC32.o
 .comment       0x00000000       0x3d build/default/production/_ext/1568745167/AT45DB641.o
 .comment       0x0000003c       0x3c c:/program files (x86)/microchip/xc32/v1.30/bin/../lib/gcc/pic32mx/4.5.2/../../../../pic32mx/lib\libmchp_peripheral_32MX795F512L.a(pcache.o)
                                 0x3d (size before relaxing)
 .comment       0x00000000       0x3d c:/program files (x86)/microchip/xc32/v1.30/bin/../lib/gcc/pic32mx/4.5.2/../../../../pic32mx/lib\libmchp_peripheral_32MX795F512L.a(int_disable_interrupts_lib.o)
 .comment       0x00000000       0x3d c:/program files (x86)/microchip/xc32/v1.30/bin/../lib/gcc/pic32mx/4.5.2/../../../../pic32mx/lib\libmchp_peripheral_32MX795F512L.a(int_restore_interrupts_lib.o)
 .comment       0x00000000       0x3d c:/program files (x86)/microchip/xc32/v1.30/bin/../lib/gcc/pic32mx/4.5.2/../../../../pic32mx/lib\libmchp_peripheral_32MX795F512L.a(int_tbl_lib.o)
 .comment       0x00000000       0x3d c:/program files (x86)/microchip/xc32/v1.30/bin/../lib/gcc/pic32mx/4.5.2/../../../../pic32mx/lib\libmchp_peripheral_32MX795F512L.a(spi_chn_getc_lib.o)
 .comment       0x00000000       0x3d c:/program files (x86)/microchip/xc32/v1.30/bin/../lib/gcc/pic32mx/4.5.2/../../../../pic32mx/lib\libmchp_peripheral_32MX795F512L.a(spi_chn_open_lib.o)
 .comment       0x00000000       0x3d c:/program files (x86)/microchip/xc32/v1.30/bin/../lib/gcc/pic32mx/4.5.2/../../../../pic32mx/lib\libmchp_peripheral_32MX795F512L.a(spi_chn_putc_lib.o)
 .comment       0x00000000       0x3d c:/program files (x86)/microchip/xc32/v1.30/bin/../lib/gcc/pic32mx/4.5.2/../../../../pic32mx/lib\libmchp_peripheral_32MX795F512L.a(spi_io_tbl_libp.o)
 .comment       0x00000000       0x3d c:/program files (x86)/microchip/xc32/v1.30/bin/../lib/gcc/pic32mx/4.5.2/../../../../pic32mx/lib\libmchp_peripheral_32MX795F512L.a(spi_map_tbl_libp.o)
 .comment       0x00000000       0x3d c:/program files (x86)/microchip/xc32/v1.30/bin/../lib/gcc/pic32mx/4.5.2/../../../../pic32mx/lib\libmchp_peripheral_32MX795F512L.a(dma_chn_set_ev_enable_flags_lib.o)
 .comment       0x00000000       0x3d c:/program files (x86)/microchip/xc32/v1.30/bin/../lib/gcc/pic32mx/4.5.2/../../../../pic32mx/lib\libmchp_peripheral_32MX795F512L.a(dma_chn_clr_ev_flags_lib.o)
 .comment       0x00000000       0x3d c:/program files (x86)/microchip/xc32/v1.30/bin/../lib/gcc/pic32mx/4.5.2/../../../../pic32mx/lib\libmchp_peripheral_32MX795F512L.a(dma_chn_open_lib.o)
 .comment       0x00000000       0x3d c:/program files (x86)/microchip/xc32/v1.30/bin/../lib/gcc/pic32mx/4.5.2/../../../../pic32mx/lib\libmchp_peripheral_32MX795F512L.a(dma_chn_enable_lib.o)
 .comment       0x00000000       0x3d c:/program files (x86)/microchip/xc32/v1.30/bin/../lib/gcc/pic32mx/4.5.2/../../../../pic32mx/lib\libmchp_peripheral_32MX795F512L.a(dma_chn_get_ev_flags_lib.o)
 .comment       0x00000000       0x3d c:/program files (x86)/microchip/xc32/v1.30/bin/../lib/gcc/pic32mx/4.5.2/../../../../pic32mx/lib\libmchp_peripheral_32MX795F512L.a(dma_chn_write_event_control_flags_lib.o)
 .comment       0x00000000       0x3d c:/program files (x86)/microchip/xc32/v1.30/bin/../lib/gcc/pic32mx/4.5.2/../../../../pic32mx/lib\libmchp_peripheral_32MX795F512L.a(dma_chn_set_match_pattern_lib.o)
 .comment       0x00000000       0x3d c:/program files (x86)/microchip/xc32/v1.30/bin/../lib/gcc/pic32mx/4.5.2/../../../../pic32mx/lib\libmchp_peripheral_32MX795F512L.a(dma_chn_set_txfer_lib.o)
 .comment       0x00000000       0x3d c:/program files (x86)/microchip/xc32/v1.30/bin/../lib/gcc/pic32mx/4.5.2/../../../../pic32mx/lib\libmchp_peripheral_32MX795F512L.a(dma_reg_map_tbl_lib.o)
 .comment       0x00000000       0x3d c:/program files (x86)/microchip/xc32/v1.30/bin/../lib/gcc/pic32mx/4.5.2/../../../../pic32mx/lib\libmchp_peripheral_32MX795F512L.a(dma_chn_force_txfer_lib.o)
 .comment       0x00000000       0x3d c:/program files (x86)/microchip/xc32/v1.30/bin/../lib/gcc/pic32mx/4.5.2/../../../../pic32mx/lib\libmchp_peripheral_32MX795F512L.a(port_set_pins_digital_in_lib.o)
 .comment       0x00000000       0x3d c:/program files (x86)/microchip/xc32/v1.30/bin/../lib/gcc/pic32mx/4.5.2/../../../../pic32mx/lib\libmchp_peripheral_32MX795F512L.a(port_set_pins_digital_out_lib.o)
 .comment       0x00000000       0x3d c:/program files (x86)/microchip/xc32/v1.30/bin/../lib/gcc/pic32mx/4.5.2/../../../../pic32mx/lib\libmchp_peripheral_32MX795F512L.a(port_set_bits_lib.o)
 .comment       0x00000000       0x3d c:/program files (x86)/microchip/xc32/v1.30/bin/../lib/gcc/pic32mx/4.5.2/../../../../pic32mx/lib\libmchp_peripheral_32MX795F512L.a(_ports_tbl_libp.o)
 .comment       0x00000000       0x3d c:/program files (x86)/microchip/xc32/v1.30/bin/../lib/gcc/pic32mx/4.5.2/../../../../pic32mx/lib\libmchp_peripheral_32MX795F512L.a(uart_lib.o)
 .comment       0x00000000       0x3d c:/program files (x86)/microchip/xc32/v1.30/bin/../lib/gcc/pic32mx/4.5.2/../../../../pic32mx/lib\libpic32.a(default-bootstrap-exception-handler.o)
 .comment       0x00000000       0x3d c:/program files (x86)/microchip/xc32/v1.30/bin/../lib/gcc/pic32mx/4.5.2/../../../../pic32mx/lib\libpic32.a(default-on-reset.o)
 .comment       0x00000000       0x3d c:/program files (x86)/microchip/xc32/v1.30/bin/../lib/gcc/pic32mx/4.5.2/../../../../pic32mx/lib\libpic32.a(default-on-bootstrap.o)
 .comment       0x00000000       0x3d c:/program files (x86)/microchip/xc32/v1.30/bin/../lib/gcc/pic32mx/4.5.2/../../../../pic32mx/lib\libpic32.a(default-general-exception-handler.o)
 .comment       0x00000000       0x3d c:/program files (x86)/microchip/xc32/v1.30/bin/../lib/gcc/pic32mx/4.5.2/../../../../pic32mx/lib\libpic32.a(defaultinterrupt.o)
 .comment       0x00000000       0x3d c:/program files (x86)/microchip/xc32/v1.30/bin/../lib/gcc/pic32mx/4.5.2/../../../../pic32mx/lib\libc.a(printf_cdnopsuxX.eo)
 .comment       0x00000000       0x3d c:/program files (x86)/microchip/xc32/v1.30/bin/../lib/gcc/pic32mx/4.5.2/../../../../pic32mx/lib\libc.a(_iob.o)
 .comment       0x00000000       0x3d c:/program files (x86)/microchip/xc32/v1.30/bin/../lib/gcc/pic32mx/4.5.2/../../../../pic32mx/lib\libc.a(doprnt_cdnopsuxX.eo)
 .comment       0x00000000       0x3d c:/program files (x86)/microchip/xc32/v1.30/bin/../lib/gcc/pic32mx/4.5.2/../../../../pic32mx/lib\libc.a(_fputc_simple.o)
 .comment       0x00000078       0x4e c:/program files (x86)/microchip/xc32/v1.30/bin/../lib/gcc/pic32mx/4.5.2/../../../../pic32mx/lib\libc.a(ctype.o)
                                 0x8b (size before relaxing)
 .comment       0x00000000       0x3d c:/program files (x86)/microchip/xc32/v1.30/bin/../lib/gcc/pic32mx/4.5.2/../../../../pic32mx/lib\libc.a(_flsbuf_simple.o)
 .comment       0x00000000       0x3d c:/program files (x86)/microchip/xc32/v1.30/bin/../lib/gcc/pic32mx/4.5.2/../../../../pic32mx/lib\libpic32.a(write.o)
 .comment       0x00000000       0x3d c:/program files (x86)/microchip/xc32/v1.30/bin/../lib/gcc/pic32mx/4.5.2/../../../../pic32mx/lib\libpic32.a(_mon_putc.o)
 .comment       0x00000000       0x3d c:/program files (x86)/microchip/xc32/v1.30/bin/../lib/gcc/pic32mx/4.5.2/../../../../pic32mx/lib\libpic32.a(xc32_uart.o)
 .comment       0x00000000       0x3d c:/program files (x86)/microchip/xc32/v1.30/bin/../lib/gcc/pic32mx/4.5.2\libgcc.a(_udivdi3.o)
 .comment       0x00000000       0x3d c:/program files (x86)/microchip/xc32/v1.30/bin/../lib/gcc/pic32mx/4.5.2\libgcc.a(_umoddi3.o)

.debug
 *(.debug)

.line
 *(.line)

.debug_srcinfo
 *(.debug_srcinfo)

.debug_sfnames
 *(.debug_sfnames)

.debug_aranges  0x00000000      0x538
 *(.debug_aranges)
 .debug_aranges
                0x00000000       0x20 build/default/production/_ext/1568745167/main.o
 .debug_aranges
                0x00000020       0x20 build/default/production/_ext/1568745167/CRC Byte Check.o
 .debug_aranges
                0x00000040       0x20 build/default/production/_ext/1568745167/DelayPIC32.o
 .debug_aranges
                0x00000060       0x20 build/default/production/_ext/1568745167/AT45DB641.o
 .debug_aranges
                0x00000080       0x28 c:/program files (x86)/microchip/xc32/v1.30/bin/../lib/gcc/pic32mx/4.5.2/../../../../pic32mx/lib\libmchp_peripheral_32MX795F512L.a(pcache.o)
 .debug_aranges
                0x000000a8       0x20 c:/program files (x86)/microchip/xc32/v1.30/bin/../lib/gcc/pic32mx/4.5.2/../../../../pic32mx/lib\libmchp_peripheral_32MX795F512L.a(int_disable_interrupts_lib.o)
 .debug_aranges
                0x000000c8       0x20 c:/program files (x86)/microchip/xc32/v1.30/bin/../lib/gcc/pic32mx/4.5.2/../../../../pic32mx/lib\libmchp_peripheral_32MX795F512L.a(int_restore_interrupts_lib.o)
 .debug_aranges
                0x000000e8       0x60 c:/program files (x86)/microchip/xc32/v1.30/bin/../lib/gcc/pic32mx/4.5.2/../../../../pic32mx/lib\libmchp_peripheral_32MX795F512L.a(int_tbl_lib.o)
 .debug_aranges
                0x00000148       0x28 c:/program files (x86)/microchip/xc32/v1.30/bin/../lib/gcc/pic32mx/4.5.2/../../../../pic32mx/lib\libmchp_peripheral_32MX795F512L.a(spi_chn_getc_lib.o)
 .debug_aranges
                0x00000170       0x20 c:/program files (x86)/microchip/xc32/v1.30/bin/../lib/gcc/pic32mx/4.5.2/../../../../pic32mx/lib\libmchp_peripheral_32MX795F512L.a(spi_chn_open_lib.o)
 .debug_aranges
                0x00000190       0x30 c:/program files (x86)/microchip/xc32/v1.30/bin/../lib/gcc/pic32mx/4.5.2/../../../../pic32mx/lib\libmchp_peripheral_32MX795F512L.a(spi_chn_putc_lib.o)
 .debug_aranges
                0x000001c0       0x20 c:/program files (x86)/microchip/xc32/v1.30/bin/../lib/gcc/pic32mx/4.5.2/../../../../pic32mx/lib\libmchp_peripheral_32MX795F512L.a(dma_chn_set_ev_enable_flags_lib.o)
 .debug_aranges
                0x000001e0       0x20 c:/program files (x86)/microchip/xc32/v1.30/bin/../lib/gcc/pic32mx/4.5.2/../../../../pic32mx/lib\libmchp_peripheral_32MX795F512L.a(dma_chn_clr_ev_flags_lib.o)
 .debug_aranges
                0x00000200       0x20 c:/program files (x86)/microchip/xc32/v1.30/bin/../lib/gcc/pic32mx/4.5.2/../../../../pic32mx/lib\libmchp_peripheral_32MX795F512L.a(dma_chn_open_lib.o)
 .debug_aranges
                0x00000220       0x20 c:/program files (x86)/microchip/xc32/v1.30/bin/../lib/gcc/pic32mx/4.5.2/../../../../pic32mx/lib\libmchp_peripheral_32MX795F512L.a(dma_chn_enable_lib.o)
 .debug_aranges
                0x00000240       0x20 c:/program files (x86)/microchip/xc32/v1.30/bin/../lib/gcc/pic32mx/4.5.2/../../../../pic32mx/lib\libmchp_peripheral_32MX795F512L.a(dma_chn_get_ev_flags_lib.o)
 .debug_aranges
                0x00000260       0x20 c:/program files (x86)/microchip/xc32/v1.30/bin/../lib/gcc/pic32mx/4.5.2/../../../../pic32mx/lib\libmchp_peripheral_32MX795F512L.a(dma_chn_write_event_control_flags_lib.o)
 .debug_aranges
                0x00000280       0x20 c:/program files (x86)/microchip/xc32/v1.30/bin/../lib/gcc/pic32mx/4.5.2/../../../../pic32mx/lib\libmchp_peripheral_32MX795F512L.a(dma_chn_set_match_pattern_lib.o)
 .debug_aranges
                0x000002a0       0x20 c:/program files (x86)/microchip/xc32/v1.30/bin/../lib/gcc/pic32mx/4.5.2/../../../../pic32mx/lib\libmchp_peripheral_32MX795F512L.a(dma_chn_set_txfer_lib.o)
 .debug_aranges
                0x000002c0       0x20 c:/program files (x86)/microchip/xc32/v1.30/bin/../lib/gcc/pic32mx/4.5.2/../../../../pic32mx/lib\libmchp_peripheral_32MX795F512L.a(dma_chn_force_txfer_lib.o)
 .debug_aranges
                0x000002e0       0x20 c:/program files (x86)/microchip/xc32/v1.30/bin/../lib/gcc/pic32mx/4.5.2/../../../../pic32mx/lib\libmchp_peripheral_32MX795F512L.a(port_set_pins_digital_in_lib.o)
 .debug_aranges
                0x00000300       0x20 c:/program files (x86)/microchip/xc32/v1.30/bin/../lib/gcc/pic32mx/4.5.2/../../../../pic32mx/lib\libmchp_peripheral_32MX795F512L.a(port_set_pins_digital_out_lib.o)
 .debug_aranges
                0x00000320       0x20 c:/program files (x86)/microchip/xc32/v1.30/bin/../lib/gcc/pic32mx/4.5.2/../../../../pic32mx/lib\libmchp_peripheral_32MX795F512L.a(port_set_bits_lib.o)
 .debug_aranges
                0x00000340       0x58 c:/program files (x86)/microchip/xc32/v1.30/bin/../lib/gcc/pic32mx/4.5.2/../../../../pic32mx/lib\libmchp_peripheral_32MX795F512L.a(uart_lib.o)
 .debug_aranges
                0x00000398       0x20 c:/program files (x86)/microchip/xc32/v1.30/bin/../lib/gcc/pic32mx/4.5.2/../../../../pic32mx/lib\libpic32.a(default-bootstrap-exception-handler.o)
 .debug_aranges
                0x000003b8       0x20 c:/program files (x86)/microchip/xc32/v1.30/bin/../lib/gcc/pic32mx/4.5.2/../../../../pic32mx/lib\libpic32.a(default-on-reset.o)
 .debug_aranges
                0x000003d8       0x20 c:/program files (x86)/microchip/xc32/v1.30/bin/../lib/gcc/pic32mx/4.5.2/../../../../pic32mx/lib\libpic32.a(default-on-bootstrap.o)
 .debug_aranges
                0x000003f8       0x20 c:/program files (x86)/microchip/xc32/v1.30/bin/../lib/gcc/pic32mx/4.5.2/../../../../pic32mx/lib\libpic32.a(default-general-exception-handler.o)
 .debug_aranges
                0x00000418       0x20 c:/program files (x86)/microchip/xc32/v1.30/bin/../lib/gcc/pic32mx/4.5.2/../../../../pic32mx/lib\libpic32.a(defaultinterrupt.o)
 .debug_aranges
                0x00000438       0x20 c:/program files (x86)/microchip/xc32/v1.30/bin/../lib/gcc/pic32mx/4.5.2/../../../../pic32mx/lib\libc.a(printf_cdnopsuxX.eo)
 .debug_aranges
                0x00000458       0x20 c:/program files (x86)/microchip/xc32/v1.30/bin/../lib/gcc/pic32mx/4.5.2/../../../../pic32mx/lib\libc.a(doprnt_cdnopsuxX.eo)
 .debug_aranges
                0x00000478       0x20 c:/program files (x86)/microchip/xc32/v1.30/bin/../lib/gcc/pic32mx/4.5.2/../../../../pic32mx/lib\libc.a(_fputc_simple.o)
 .debug_aranges
                0x00000498       0x20 c:/program files (x86)/microchip/xc32/v1.30/bin/../lib/gcc/pic32mx/4.5.2/../../../../pic32mx/lib\libc.a(_flsbuf_simple.o)
 .debug_aranges
                0x000004b8       0x20 c:/program files (x86)/microchip/xc32/v1.30/bin/../lib/gcc/pic32mx/4.5.2/../../../../pic32mx/lib\libpic32.a(write.o)
 .debug_aranges
                0x000004d8       0x20 c:/program files (x86)/microchip/xc32/v1.30/bin/../lib/gcc/pic32mx/4.5.2/../../../../pic32mx/lib\libpic32.a(_mon_putc.o)
 .debug_aranges
                0x000004f8       0x20 c:/program files (x86)/microchip/xc32/v1.30/bin/../lib/gcc/pic32mx/4.5.2\libgcc.a(_udivdi3.o)
 .debug_aranges
                0x00000518       0x20 c:/program files (x86)/microchip/xc32/v1.30/bin/../lib/gcc/pic32mx/4.5.2\libgcc.a(_umoddi3.o)

.debug_pubnames
                0x00000000      0xc2c
 *(.debug_pubnames)
 .debug_pubnames
                0x00000000      0x3e1 build/default/production/_ext/1568745167/main.o
 .debug_pubnames
                0x000003e1       0x5c build/default/production/_ext/1568745167/CRC Byte Check.o
 .debug_pubnames
                0x0000043d       0x38 build/default/production/_ext/1568745167/DelayPIC32.o
 .debug_pubnames
                0x00000475      0x15b build/default/production/_ext/1568745167/AT45DB641.o
 .debug_pubnames
                0x000005d0       0x3b c:/program files (x86)/microchip/xc32/v1.30/bin/../lib/gcc/pic32mx/4.5.2/../../../../pic32mx/lib\libmchp_peripheral_32MX795F512L.a(pcache.o)
 .debug_pubnames
                0x0000060b       0x2b c:/program files (x86)/microchip/xc32/v1.30/bin/../lib/gcc/pic32mx/4.5.2/../../../../pic32mx/lib\libmchp_peripheral_32MX795F512L.a(int_disable_interrupts_lib.o)
 .debug_pubnames
                0x00000636       0x2b c:/program files (x86)/microchip/xc32/v1.30/bin/../lib/gcc/pic32mx/4.5.2/../../../../pic32mx/lib\libmchp_peripheral_32MX795F512L.a(int_restore_interrupts_lib.o)
 .debug_pubnames
                0x00000661       0xca c:/program files (x86)/microchip/xc32/v1.30/bin/../lib/gcc/pic32mx/4.5.2/../../../../pic32mx/lib\libmchp_peripheral_32MX795F512L.a(int_tbl_lib.o)
 .debug_pubnames
                0x0000072b       0x31 c:/program files (x86)/microchip/xc32/v1.30/bin/../lib/gcc/pic32mx/4.5.2/../../../../pic32mx/lib\libmchp_peripheral_32MX795F512L.a(spi_chn_getc_lib.o)
 .debug_pubnames
                0x0000075c       0x21 c:/program files (x86)/microchip/xc32/v1.30/bin/../lib/gcc/pic32mx/4.5.2/../../../../pic32mx/lib\libmchp_peripheral_32MX795F512L.a(spi_chn_open_lib.o)
 .debug_pubnames
                0x0000077d       0x43 c:/program files (x86)/microchip/xc32/v1.30/bin/../lib/gcc/pic32mx/4.5.2/../../../../pic32mx/lib\libmchp_peripheral_32MX795F512L.a(spi_chn_putc_lib.o)
 .debug_pubnames
                0x000007c0       0x2d c:/program files (x86)/microchip/xc32/v1.30/bin/../lib/gcc/pic32mx/4.5.2/../../../../pic32mx/lib\libmchp_peripheral_32MX795F512L.a(dma_chn_set_ev_enable_flags_lib.o)
 .debug_pubnames
                0x000007ed       0x27 c:/program files (x86)/microchip/xc32/v1.30/bin/../lib/gcc/pic32mx/4.5.2/../../../../pic32mx/lib\libmchp_peripheral_32MX795F512L.a(dma_chn_clr_ev_flags_lib.o)
 .debug_pubnames
                0x00000814       0x21 c:/program files (x86)/microchip/xc32/v1.30/bin/../lib/gcc/pic32mx/4.5.2/../../../../pic32mx/lib\libmchp_peripheral_32MX795F512L.a(dma_chn_open_lib.o)
 .debug_pubnames
                0x00000835       0x23 c:/program files (x86)/microchip/xc32/v1.30/bin/../lib/gcc/pic32mx/4.5.2/../../../../pic32mx/lib\libmchp_peripheral_32MX795F512L.a(dma_chn_enable_lib.o)
 .debug_pubnames
                0x00000858       0x27 c:/program files (x86)/microchip/xc32/v1.30/bin/../lib/gcc/pic32mx/4.5.2/../../../../pic32mx/lib\libmchp_peripheral_32MX795F512L.a(dma_chn_get_ev_flags_lib.o)
 .debug_pubnames
                0x0000087f       0x33 c:/program files (x86)/microchip/xc32/v1.30/bin/../lib/gcc/pic32mx/4.5.2/../../../../pic32mx/lib\libmchp_peripheral_32MX795F512L.a(dma_chn_write_event_control_flags_lib.o)
 .debug_pubnames
                0x000008b2       0x2c c:/program files (x86)/microchip/xc32/v1.30/bin/../lib/gcc/pic32mx/4.5.2/../../../../pic32mx/lib\libmchp_peripheral_32MX795F512L.a(dma_chn_set_match_pattern_lib.o)
 .debug_pubnames
                0x000008de       0x25 c:/program files (x86)/microchip/xc32/v1.30/bin/../lib/gcc/pic32mx/4.5.2/../../../../pic32mx/lib\libmchp_peripheral_32MX795F512L.a(dma_chn_set_txfer_lib.o)
 .debug_pubnames
                0x00000903       0x27 c:/program files (x86)/microchip/xc32/v1.30/bin/../lib/gcc/pic32mx/4.5.2/../../../../pic32mx/lib\libmchp_peripheral_32MX795F512L.a(dma_chn_force_txfer_lib.o)
 .debug_pubnames
                0x0000092a       0x2b c:/program files (x86)/microchip/xc32/v1.30/bin/../lib/gcc/pic32mx/4.5.2/../../../../pic32mx/lib\libmchp_peripheral_32MX795F512L.a(port_set_pins_digital_in_lib.o)
 .debug_pubnames
                0x00000955       0x2c c:/program files (x86)/microchip/xc32/v1.30/bin/../lib/gcc/pic32mx/4.5.2/../../../../pic32mx/lib\libmchp_peripheral_32MX795F512L.a(port_set_pins_digital_out_lib.o)
 .debug_pubnames
                0x00000981       0x22 c:/program files (x86)/microchip/xc32/v1.30/bin/../lib/gcc/pic32mx/4.5.2/../../../../pic32mx/lib\libmchp_peripheral_32MX795F512L.a(port_set_bits_lib.o)
 .debug_pubnames
                0x000009a3       0xb1 c:/program files (x86)/microchip/xc32/v1.30/bin/../lib/gcc/pic32mx/4.5.2/../../../../pic32mx/lib\libmchp_peripheral_32MX795F512L.a(uart_lib.o)
 .debug_pubnames
                0x00000a54       0x33 c:/program files (x86)/microchip/xc32/v1.30/bin/../lib/gcc/pic32mx/4.5.2/../../../../pic32mx/lib\libpic32.a(default-bootstrap-exception-handler.o)
 .debug_pubnames
                0x00000a87       0x20 c:/program files (x86)/microchip/xc32/v1.30/bin/../lib/gcc/pic32mx/4.5.2/../../../../pic32mx/lib\libpic32.a(default-on-reset.o)
 .debug_pubnames
                0x00000aa7       0x24 c:/program files (x86)/microchip/xc32/v1.30/bin/../lib/gcc/pic32mx/4.5.2/../../../../pic32mx/lib\libpic32.a(default-on-bootstrap.o)
 .debug_pubnames
                0x00000acb       0x31 c:/program files (x86)/microchip/xc32/v1.30/bin/../lib/gcc/pic32mx/4.5.2/../../../../pic32mx/lib\libpic32.a(default-general-exception-handler.o)
 .debug_pubnames
                0x00000afc       0x28 c:/program files (x86)/microchip/xc32/v1.30/bin/../lib/gcc/pic32mx/4.5.2/../../../../pic32mx/lib\libpic32.a(defaultinterrupt.o)
 .debug_pubnames
                0x00000b24       0x28 c:/program files (x86)/microchip/xc32/v1.30/bin/../lib/gcc/pic32mx/4.5.2/../../../../pic32mx/lib\libc.a(printf_cdnopsuxX.eo)
 .debug_pubnames
                0x00000b4c       0x2a c:/program files (x86)/microchip/xc32/v1.30/bin/../lib/gcc/pic32mx/4.5.2/../../../../pic32mx/lib\libc.a(doprnt_cdnopsuxX.eo)
 .debug_pubnames
                0x00000b76       0x1c c:/program files (x86)/microchip/xc32/v1.30/bin/../lib/gcc/pic32mx/4.5.2/../../../../pic32mx/lib\libc.a(_fputc_simple.o)
 .debug_pubnames
                0x00000b92       0x1e c:/program files (x86)/microchip/xc32/v1.30/bin/../lib/gcc/pic32mx/4.5.2/../../../../pic32mx/lib\libc.a(_flsbuf_simple.o)
 .debug_pubnames
                0x00000bb0       0x1c c:/program files (x86)/microchip/xc32/v1.30/bin/../lib/gcc/pic32mx/4.5.2/../../../../pic32mx/lib\libpic32.a(write.o)
 .debug_pubnames
                0x00000bcc       0x20 c:/program files (x86)/microchip/xc32/v1.30/bin/../lib/gcc/pic32mx/4.5.2/../../../../pic32mx/lib\libpic32.a(_mon_putc.o)
 .debug_pubnames
                0x00000bec       0x20 c:/program files (x86)/microchip/xc32/v1.30/bin/../lib/gcc/pic32mx/4.5.2\libgcc.a(_udivdi3.o)
 .debug_pubnames
                0x00000c0c       0x20 c:/program files (x86)/microchip/xc32/v1.30/bin/../lib/gcc/pic32mx/4.5.2\libgcc.a(_umoddi3.o)

.debug_info     0x00000000     0x9d3a
 *(.debug_info .gnu.linkonce.wi.*)
 .debug_info    0x00000000     0x43c0 build/default/production/_ext/1568745167/main.o
 .debug_info    0x000043c0     0x13e4 build/default/production/_ext/1568745167/CRC Byte Check.o
 .debug_info    0x000057a4      0x1b6 build/default/production/_ext/1568745167/DelayPIC32.o
 .debug_info    0x0000595a     0x1c9d build/default/production/_ext/1568745167/AT45DB641.o
 .debug_info    0x000075f7       0xbf c:/program files (x86)/microchip/xc32/v1.30/bin/../lib/gcc/pic32mx/4.5.2/../../../../pic32mx/lib\libmchp_peripheral_32MX795F512L.a(pcache.o)
 .debug_info    0x000076b6       0xb6 c:/program files (x86)/microchip/xc32/v1.30/bin/../lib/gcc/pic32mx/4.5.2/../../../../pic32mx/lib\libmchp_peripheral_32MX795F512L.a(int_disable_interrupts_lib.o)
 .debug_info    0x0000776c       0xb6 c:/program files (x86)/microchip/xc32/v1.30/bin/../lib/gcc/pic32mx/4.5.2/../../../../pic32mx/lib\libmchp_peripheral_32MX795F512L.a(int_restore_interrupts_lib.o)
 .debug_info    0x00007822      0x196 c:/program files (x86)/microchip/xc32/v1.30/bin/../lib/gcc/pic32mx/4.5.2/../../../../pic32mx/lib\libmchp_peripheral_32MX795F512L.a(int_tbl_lib.o)
 .debug_info    0x000079b8       0xcf c:/program files (x86)/microchip/xc32/v1.30/bin/../lib/gcc/pic32mx/4.5.2/../../../../pic32mx/lib\libmchp_peripheral_32MX795F512L.a(spi_chn_getc_lib.o)
 .debug_info    0x00007a87       0xa2 c:/program files (x86)/microchip/xc32/v1.30/bin/../lib/gcc/pic32mx/4.5.2/../../../../pic32mx/lib\libmchp_peripheral_32MX795F512L.a(spi_chn_open_lib.o)
 .debug_info    0x00007b29       0xeb c:/program files (x86)/microchip/xc32/v1.30/bin/../lib/gcc/pic32mx/4.5.2/../../../../pic32mx/lib\libmchp_peripheral_32MX795F512L.a(spi_chn_putc_lib.o)
 .debug_info    0x00007c14        0x0 c:/program files (x86)/microchip/xc32/v1.30/bin/../lib/gcc/pic32mx/4.5.2/../../../../pic32mx/lib\libmchp_peripheral_32MX795F512L.a(spi_io_tbl_libp.o)
 .debug_info    0x00007c14        0x0 c:/program files (x86)/microchip/xc32/v1.30/bin/../lib/gcc/pic32mx/4.5.2/../../../../pic32mx/lib\libmchp_peripheral_32MX795F512L.a(spi_map_tbl_libp.o)
 .debug_info    0x00007c14       0xbd c:/program files (x86)/microchip/xc32/v1.30/bin/../lib/gcc/pic32mx/4.5.2/../../../../pic32mx/lib\libmchp_peripheral_32MX795F512L.a(dma_chn_set_ev_enable_flags_lib.o)
 .debug_info    0x00007cd1       0xb0 c:/program files (x86)/microchip/xc32/v1.30/bin/../lib/gcc/pic32mx/4.5.2/../../../../pic32mx/lib\libmchp_peripheral_32MX795F512L.a(dma_chn_clr_ev_flags_lib.o)
 .debug_info    0x00007d81       0xb5 c:/program files (x86)/microchip/xc32/v1.30/bin/../lib/gcc/pic32mx/4.5.2/../../../../pic32mx/lib\libmchp_peripheral_32MX795F512L.a(dma_chn_open_lib.o)
 .debug_info    0x00007e36       0xa6 c:/program files (x86)/microchip/xc32/v1.30/bin/../lib/gcc/pic32mx/4.5.2/../../../../pic32mx/lib\libmchp_peripheral_32MX795F512L.a(dma_chn_enable_lib.o)
 .debug_info    0x00007edc       0xb0 c:/program files (x86)/microchip/xc32/v1.30/bin/../lib/gcc/pic32mx/4.5.2/../../../../pic32mx/lib\libmchp_peripheral_32MX795F512L.a(dma_chn_get_ev_flags_lib.o)
 .debug_info    0x00007f8c       0xc9 c:/program files (x86)/microchip/xc32/v1.30/bin/../lib/gcc/pic32mx/4.5.2/../../../../pic32mx/lib\libmchp_peripheral_32MX795F512L.a(dma_chn_write_event_control_flags_lib.o)
 .debug_info    0x00008055       0xba c:/program files (x86)/microchip/xc32/v1.30/bin/../lib/gcc/pic32mx/4.5.2/../../../../pic32mx/lib\libmchp_peripheral_32MX795F512L.a(dma_chn_set_match_pattern_lib.o)
 .debug_info    0x0000810f       0xbc c:/program files (x86)/microchip/xc32/v1.30/bin/../lib/gcc/pic32mx/4.5.2/../../../../pic32mx/lib\libmchp_peripheral_32MX795F512L.a(dma_chn_set_txfer_lib.o)
 .debug_info    0x000081cb        0x0 c:/program files (x86)/microchip/xc32/v1.30/bin/../lib/gcc/pic32mx/4.5.2/../../../../pic32mx/lib\libmchp_peripheral_32MX795F512L.a(dma_reg_map_tbl_lib.o)
 .debug_info    0x000081cb       0xaf c:/program files (x86)/microchip/xc32/v1.30/bin/../lib/gcc/pic32mx/4.5.2/../../../../pic32mx/lib\libmchp_peripheral_32MX795F512L.a(dma_chn_force_txfer_lib.o)
 .debug_info    0x0000827a       0xba c:/program files (x86)/microchip/xc32/v1.30/bin/../lib/gcc/pic32mx/4.5.2/../../../../pic32mx/lib\libmchp_peripheral_32MX795F512L.a(port_set_pins_digital_in_lib.o)
 .debug_info    0x00008334       0xbc c:/program files (x86)/microchip/xc32/v1.30/bin/../lib/gcc/pic32mx/4.5.2/../../../../pic32mx/lib\libmchp_peripheral_32MX795F512L.a(port_set_pins_digital_out_lib.o)
 .debug_info    0x000083f0       0xa6 c:/program files (x86)/microchip/xc32/v1.30/bin/../lib/gcc/pic32mx/4.5.2/../../../../pic32mx/lib\libmchp_peripheral_32MX795F512L.a(port_set_bits_lib.o)
 .debug_info    0x00008496        0x0 c:/program files (x86)/microchip/xc32/v1.30/bin/../lib/gcc/pic32mx/4.5.2/../../../../pic32mx/lib\libmchp_peripheral_32MX795F512L.a(_ports_tbl_libp.o)
 .debug_info    0x00008496      0x175 c:/program files (x86)/microchip/xc32/v1.30/bin/../lib/gcc/pic32mx/4.5.2/../../../../pic32mx/lib\libmchp_peripheral_32MX795F512L.a(uart_lib.o)
 .debug_info    0x0000860b       0xde c:/program files (x86)/microchip/xc32/v1.30/bin/../lib/gcc/pic32mx/4.5.2/../../../../pic32mx/lib\libpic32.a(default-bootstrap-exception-handler.o)
 .debug_info    0x000086e9       0xb8 c:/program files (x86)/microchip/xc32/v1.30/bin/../lib/gcc/pic32mx/4.5.2/../../../../pic32mx/lib\libpic32.a(default-on-reset.o)
 .debug_info    0x000087a1       0xc0 c:/program files (x86)/microchip/xc32/v1.30/bin/../lib/gcc/pic32mx/4.5.2/../../../../pic32mx/lib\libpic32.a(default-on-bootstrap.o)
 .debug_info    0x00008861       0xda c:/program files (x86)/microchip/xc32/v1.30/bin/../lib/gcc/pic32mx/4.5.2/../../../../pic32mx/lib\libpic32.a(default-general-exception-handler.o)
 .debug_info    0x0000893b       0xd2 c:/program files (x86)/microchip/xc32/v1.30/bin/../lib/gcc/pic32mx/4.5.2/../../../../pic32mx/lib\libpic32.a(defaultinterrupt.o)
 .debug_info    0x00008a0d       0xbc c:/program files (x86)/microchip/xc32/v1.30/bin/../lib/gcc/pic32mx/4.5.2/../../../../pic32mx/lib\libc.a(printf_cdnopsuxX.eo)
 .debug_info    0x00008ac9        0x0 c:/program files (x86)/microchip/xc32/v1.30/bin/../lib/gcc/pic32mx/4.5.2/../../../../pic32mx/lib\libc.a(_iob.o)
 .debug_info    0x00008ac9       0xbf c:/program files (x86)/microchip/xc32/v1.30/bin/../lib/gcc/pic32mx/4.5.2/../../../../pic32mx/lib\libc.a(doprnt_cdnopsuxX.eo)
 .debug_info    0x00008b88       0xaf c:/program files (x86)/microchip/xc32/v1.30/bin/../lib/gcc/pic32mx/4.5.2/../../../../pic32mx/lib\libc.a(_fputc_simple.o)
 .debug_info    0x00008c37        0x0 c:/program files (x86)/microchip/xc32/v1.30/bin/../lib/gcc/pic32mx/4.5.2/../../../../pic32mx/lib\libc.a(ctype.o)
 .debug_info    0x00008c37       0xb2 c:/program files (x86)/microchip/xc32/v1.30/bin/../lib/gcc/pic32mx/4.5.2/../../../../pic32mx/lib\libc.a(_flsbuf_simple.o)
 .debug_info    0x00008ce9       0xa9 c:/program files (x86)/microchip/xc32/v1.30/bin/../lib/gcc/pic32mx/4.5.2/../../../../pic32mx/lib\libpic32.a(write.o)
 .debug_info    0x00008d92       0xb1 c:/program files (x86)/microchip/xc32/v1.30/bin/../lib/gcc/pic32mx/4.5.2/../../../../pic32mx/lib\libpic32.a(_mon_putc.o)
 .debug_info    0x00008e43        0x0 c:/program files (x86)/microchip/xc32/v1.30/bin/../lib/gcc/pic32mx/4.5.2/../../../../pic32mx/lib\libpic32.a(xc32_uart.o)
 .debug_info    0x00008e43      0x75f c:/program files (x86)/microchip/xc32/v1.30/bin/../lib/gcc/pic32mx/4.5.2\libgcc.a(_udivdi3.o)
 .debug_info    0x000095a2      0x798 c:/program files (x86)/microchip/xc32/v1.30/bin/../lib/gcc/pic32mx/4.5.2\libgcc.a(_umoddi3.o)

.debug_abbrev   0x00000000     0x11b4
 *(.debug_abbrev)
 .debug_abbrev  0x00000000      0x49a build/default/production/_ext/1568745167/main.o
 .debug_abbrev  0x0000049a      0x288 build/default/production/_ext/1568745167/CRC Byte Check.o
 .debug_abbrev  0x00000722       0xc1 build/default/production/_ext/1568745167/DelayPIC32.o
 .debug_abbrev  0x000007e3      0x29c build/default/production/_ext/1568745167/AT45DB641.o
 .debug_abbrev  0x00000a7f       0x25 c:/program files (x86)/microchip/xc32/v1.30/bin/../lib/gcc/pic32mx/4.5.2/../../../../pic32mx/lib\libmchp_peripheral_32MX795F512L.a(pcache.o)
 .debug_abbrev  0x00000aa4       0x25 c:/program files (x86)/microchip/xc32/v1.30/bin/../lib/gcc/pic32mx/4.5.2/../../../../pic32mx/lib\libmchp_peripheral_32MX795F512L.a(int_disable_interrupts_lib.o)
 .debug_abbrev  0x00000ac9       0x25 c:/program files (x86)/microchip/xc32/v1.30/bin/../lib/gcc/pic32mx/4.5.2/../../../../pic32mx/lib\libmchp_peripheral_32MX795F512L.a(int_restore_interrupts_lib.o)
 .debug_abbrev  0x00000aee       0x25 c:/program files (x86)/microchip/xc32/v1.30/bin/../lib/gcc/pic32mx/4.5.2/../../../../pic32mx/lib\libmchp_peripheral_32MX795F512L.a(int_tbl_lib.o)
 .debug_abbrev  0x00000b13       0x34 c:/program files (x86)/microchip/xc32/v1.30/bin/../lib/gcc/pic32mx/4.5.2/../../../../pic32mx/lib\libmchp_peripheral_32MX795F512L.a(spi_chn_getc_lib.o)
 .debug_abbrev  0x00000b47       0x25 c:/program files (x86)/microchip/xc32/v1.30/bin/../lib/gcc/pic32mx/4.5.2/../../../../pic32mx/lib\libmchp_peripheral_32MX795F512L.a(spi_chn_open_lib.o)
 .debug_abbrev  0x00000b6c       0x34 c:/program files (x86)/microchip/xc32/v1.30/bin/../lib/gcc/pic32mx/4.5.2/../../../../pic32mx/lib\libmchp_peripheral_32MX795F512L.a(spi_chn_putc_lib.o)
 .debug_abbrev  0x00000ba0        0x1 c:/program files (x86)/microchip/xc32/v1.30/bin/../lib/gcc/pic32mx/4.5.2/../../../../pic32mx/lib\libmchp_peripheral_32MX795F512L.a(spi_io_tbl_libp.o)
 .debug_abbrev  0x00000ba1        0x1 c:/program files (x86)/microchip/xc32/v1.30/bin/../lib/gcc/pic32mx/4.5.2/../../../../pic32mx/lib\libmchp_peripheral_32MX795F512L.a(spi_map_tbl_libp.o)
 .debug_abbrev  0x00000ba2       0x25 c:/program files (x86)/microchip/xc32/v1.30/bin/../lib/gcc/pic32mx/4.5.2/../../../../pic32mx/lib\libmchp_peripheral_32MX795F512L.a(dma_chn_set_ev_enable_flags_lib.o)
 .debug_abbrev  0x00000bc7       0x25 c:/program files (x86)/microchip/xc32/v1.30/bin/../lib/gcc/pic32mx/4.5.2/../../../../pic32mx/lib\libmchp_peripheral_32MX795F512L.a(dma_chn_clr_ev_flags_lib.o)
 .debug_abbrev  0x00000bec       0x34 c:/program files (x86)/microchip/xc32/v1.30/bin/../lib/gcc/pic32mx/4.5.2/../../../../pic32mx/lib\libmchp_peripheral_32MX795F512L.a(dma_chn_open_lib.o)
 .debug_abbrev  0x00000c20       0x25 c:/program files (x86)/microchip/xc32/v1.30/bin/../lib/gcc/pic32mx/4.5.2/../../../../pic32mx/lib\libmchp_peripheral_32MX795F512L.a(dma_chn_enable_lib.o)
 .debug_abbrev  0x00000c45       0x25 c:/program files (x86)/microchip/xc32/v1.30/bin/../lib/gcc/pic32mx/4.5.2/../../../../pic32mx/lib\libmchp_peripheral_32MX795F512L.a(dma_chn_get_ev_flags_lib.o)
 .debug_abbrev  0x00000c6a       0x25 c:/program files (x86)/microchip/xc32/v1.30/bin/../lib/gcc/pic32mx/4.5.2/../../../../pic32mx/lib\libmchp_peripheral_32MX795F512L.a(dma_chn_write_event_control_flags_lib.o)
 .debug_abbrev  0x00000c8f       0x25 c:/program files (x86)/microchip/xc32/v1.30/bin/../lib/gcc/pic32mx/4.5.2/../../../../pic32mx/lib\libmchp_peripheral_32MX795F512L.a(dma_chn_set_match_pattern_lib.o)
 .debug_abbrev  0x00000cb4       0x34 c:/program files (x86)/microchip/xc32/v1.30/bin/../lib/gcc/pic32mx/4.5.2/../../../../pic32mx/lib\libmchp_peripheral_32MX795F512L.a(dma_chn_set_txfer_lib.o)
 .debug_abbrev  0x00000ce8        0x1 c:/program files (x86)/microchip/xc32/v1.30/bin/../lib/gcc/pic32mx/4.5.2/../../../../pic32mx/lib\libmchp_peripheral_32MX795F512L.a(dma_reg_map_tbl_lib.o)
 .debug_abbrev  0x00000ce9       0x25 c:/program files (x86)/microchip/xc32/v1.30/bin/../lib/gcc/pic32mx/4.5.2/../../../../pic32mx/lib\libmchp_peripheral_32MX795F512L.a(dma_chn_force_txfer_lib.o)
 .debug_abbrev  0x00000d0e       0x25 c:/program files (x86)/microchip/xc32/v1.30/bin/../lib/gcc/pic32mx/4.5.2/../../../../pic32mx/lib\libmchp_peripheral_32MX795F512L.a(port_set_pins_digital_in_lib.o)
 .debug_abbrev  0x00000d33       0x25 c:/program files (x86)/microchip/xc32/v1.30/bin/../lib/gcc/pic32mx/4.5.2/../../../../pic32mx/lib\libmchp_peripheral_32MX795F512L.a(port_set_pins_digital_out_lib.o)
 .debug_abbrev  0x00000d58       0x25 c:/program files (x86)/microchip/xc32/v1.30/bin/../lib/gcc/pic32mx/4.5.2/../../../../pic32mx/lib\libmchp_peripheral_32MX795F512L.a(port_set_bits_lib.o)
 .debug_abbrev  0x00000d7d        0x1 c:/program files (x86)/microchip/xc32/v1.30/bin/../lib/gcc/pic32mx/4.5.2/../../../../pic32mx/lib\libmchp_peripheral_32MX795F512L.a(_ports_tbl_libp.o)
 .debug_abbrev  0x00000d7e       0x38 c:/program files (x86)/microchip/xc32/v1.30/bin/../lib/gcc/pic32mx/4.5.2/../../../../pic32mx/lib\libmchp_peripheral_32MX795F512L.a(uart_lib.o)
 .debug_abbrev  0x00000db6       0x23 c:/program files (x86)/microchip/xc32/v1.30/bin/../lib/gcc/pic32mx/4.5.2/../../../../pic32mx/lib\libpic32.a(default-bootstrap-exception-handler.o)
 .debug_abbrev  0x00000dd9       0x23 c:/program files (x86)/microchip/xc32/v1.30/bin/../lib/gcc/pic32mx/4.5.2/../../../../pic32mx/lib\libpic32.a(default-on-reset.o)
 .debug_abbrev  0x00000dfc       0x23 c:/program files (x86)/microchip/xc32/v1.30/bin/../lib/gcc/pic32mx/4.5.2/../../../../pic32mx/lib\libpic32.a(default-on-bootstrap.o)
 .debug_abbrev  0x00000e1f       0x23 c:/program files (x86)/microchip/xc32/v1.30/bin/../lib/gcc/pic32mx/4.5.2/../../../../pic32mx/lib\libpic32.a(default-general-exception-handler.o)
 .debug_abbrev  0x00000e42       0x23 c:/program files (x86)/microchip/xc32/v1.30/bin/../lib/gcc/pic32mx/4.5.2/../../../../pic32mx/lib\libpic32.a(defaultinterrupt.o)
 .debug_abbrev  0x00000e65       0x23 c:/program files (x86)/microchip/xc32/v1.30/bin/../lib/gcc/pic32mx/4.5.2/../../../../pic32mx/lib\libc.a(printf_cdnopsuxX.eo)
 .debug_abbrev  0x00000e88        0x1 c:/program files (x86)/microchip/xc32/v1.30/bin/../lib/gcc/pic32mx/4.5.2/../../../../pic32mx/lib\libc.a(_iob.o)
 .debug_abbrev  0x00000e89       0x23 c:/program files (x86)/microchip/xc32/v1.30/bin/../lib/gcc/pic32mx/4.5.2/../../../../pic32mx/lib\libc.a(doprnt_cdnopsuxX.eo)
 .debug_abbrev  0x00000eac       0x23 c:/program files (x86)/microchip/xc32/v1.30/bin/../lib/gcc/pic32mx/4.5.2/../../../../pic32mx/lib\libc.a(_fputc_simple.o)
 .debug_abbrev  0x00000ecf        0x1 c:/program files (x86)/microchip/xc32/v1.30/bin/../lib/gcc/pic32mx/4.5.2/../../../../pic32mx/lib\libc.a(ctype.o)
 .debug_abbrev  0x00000ed0       0x23 c:/program files (x86)/microchip/xc32/v1.30/bin/../lib/gcc/pic32mx/4.5.2/../../../../pic32mx/lib\libc.a(_flsbuf_simple.o)
 .debug_abbrev  0x00000ef3       0x23 c:/program files (x86)/microchip/xc32/v1.30/bin/../lib/gcc/pic32mx/4.5.2/../../../../pic32mx/lib\libpic32.a(write.o)
 .debug_abbrev  0x00000f16       0x23 c:/program files (x86)/microchip/xc32/v1.30/bin/../lib/gcc/pic32mx/4.5.2/../../../../pic32mx/lib\libpic32.a(_mon_putc.o)
 .debug_abbrev  0x00000f39        0x1 c:/program files (x86)/microchip/xc32/v1.30/bin/../lib/gcc/pic32mx/4.5.2/../../../../pic32mx/lib\libpic32.a(xc32_uart.o)
 .debug_abbrev  0x00000f3a      0x132 c:/program files (x86)/microchip/xc32/v1.30/bin/../lib/gcc/pic32mx/4.5.2\libgcc.a(_udivdi3.o)
 .debug_abbrev  0x0000106c      0x148 c:/program files (x86)/microchip/xc32/v1.30/bin/../lib/gcc/pic32mx/4.5.2\libgcc.a(_umoddi3.o)

.debug_line     0x00000000     0x1cbe
 *(.debug_line)
 .debug_line    0x00000000      0x582 build/default/production/_ext/1568745167/main.o
 .debug_line    0x00000582      0x188 build/default/production/_ext/1568745167/CRC Byte Check.o
 .debug_line    0x0000070a       0x88 build/default/production/_ext/1568745167/DelayPIC32.o
 .debug_line    0x00000792      0x40c build/default/production/_ext/1568745167/AT45DB641.o
 .debug_line    0x00000b9e       0x62 c:/program files (x86)/microchip/xc32/v1.30/bin/../lib/gcc/pic32mx/4.5.2/../../../../pic32mx/lib\libmchp_peripheral_32MX795F512L.a(pcache.o)
 .debug_line    0x00000c00       0x73 c:/program files (x86)/microchip/xc32/v1.30/bin/../lib/gcc/pic32mx/4.5.2/../../../../pic32mx/lib\libmchp_peripheral_32MX795F512L.a(int_disable_interrupts_lib.o)
 .debug_line    0x00000c73       0x73 c:/program files (x86)/microchip/xc32/v1.30/bin/../lib/gcc/pic32mx/4.5.2/../../../../pic32mx/lib\libmchp_peripheral_32MX795F512L.a(int_restore_interrupts_lib.o)
 .debug_line    0x00000ce6       0x64 c:/program files (x86)/microchip/xc32/v1.30/bin/../lib/gcc/pic32mx/4.5.2/../../../../pic32mx/lib\libmchp_peripheral_32MX795F512L.a(int_tbl_lib.o)
 .debug_line    0x00000d4a       0x7b c:/program files (x86)/microchip/xc32/v1.30/bin/../lib/gcc/pic32mx/4.5.2/../../../../pic32mx/lib\libmchp_peripheral_32MX795F512L.a(spi_chn_getc_lib.o)
 .debug_line    0x00000dc5       0x69 c:/program files (x86)/microchip/xc32/v1.30/bin/../lib/gcc/pic32mx/4.5.2/../../../../pic32mx/lib\libmchp_peripheral_32MX795F512L.a(spi_chn_open_lib.o)
 .debug_line    0x00000e2e       0x7b c:/program files (x86)/microchip/xc32/v1.30/bin/../lib/gcc/pic32mx/4.5.2/../../../../pic32mx/lib\libmchp_peripheral_32MX795F512L.a(spi_chn_putc_lib.o)
 .debug_line    0x00000ea9        0x0 c:/program files (x86)/microchip/xc32/v1.30/bin/../lib/gcc/pic32mx/4.5.2/../../../../pic32mx/lib\libmchp_peripheral_32MX795F512L.a(spi_io_tbl_libp.o)
 .debug_line    0x00000ea9        0x0 c:/program files (x86)/microchip/xc32/v1.30/bin/../lib/gcc/pic32mx/4.5.2/../../../../pic32mx/lib\libmchp_peripheral_32MX795F512L.a(spi_map_tbl_libp.o)
 .debug_line    0x00000ea9       0x78 c:/program files (x86)/microchip/xc32/v1.30/bin/../lib/gcc/pic32mx/4.5.2/../../../../pic32mx/lib\libmchp_peripheral_32MX795F512L.a(dma_chn_set_ev_enable_flags_lib.o)
 .debug_line    0x00000f21       0x71 c:/program files (x86)/microchip/xc32/v1.30/bin/../lib/gcc/pic32mx/4.5.2/../../../../pic32mx/lib\libmchp_peripheral_32MX795F512L.a(dma_chn_clr_ev_flags_lib.o)
 .debug_line    0x00000f92       0x7b c:/program files (x86)/microchip/xc32/v1.30/bin/../lib/gcc/pic32mx/4.5.2/../../../../pic32mx/lib\libmchp_peripheral_32MX795F512L.a(dma_chn_open_lib.o)
 .debug_line    0x0000100d       0x6b c:/program files (x86)/microchip/xc32/v1.30/bin/../lib/gcc/pic32mx/4.5.2/../../../../pic32mx/lib\libmchp_peripheral_32MX795F512L.a(dma_chn_enable_lib.o)
 .debug_line    0x00001078       0x71 c:/program files (x86)/microchip/xc32/v1.30/bin/../lib/gcc/pic32mx/4.5.2/../../../../pic32mx/lib\libmchp_peripheral_32MX795F512L.a(dma_chn_get_ev_flags_lib.o)
 .debug_line    0x000010e9       0x7e c:/program files (x86)/microchip/xc32/v1.30/bin/../lib/gcc/pic32mx/4.5.2/../../../../pic32mx/lib\libmchp_peripheral_32MX795F512L.a(dma_chn_write_event_control_flags_lib.o)
 .debug_line    0x00001167       0x76 c:/program files (x86)/microchip/xc32/v1.30/bin/../lib/gcc/pic32mx/4.5.2/../../../../pic32mx/lib\libmchp_peripheral_32MX795F512L.a(dma_chn_set_match_pattern_lib.o)
 .debug_line    0x000011dd       0x80 c:/program files (x86)/microchip/xc32/v1.30/bin/../lib/gcc/pic32mx/4.5.2/../../../../pic32mx/lib\libmchp_peripheral_32MX795F512L.a(dma_chn_set_txfer_lib.o)
 .debug_line    0x0000125d        0x0 c:/program files (x86)/microchip/xc32/v1.30/bin/../lib/gcc/pic32mx/4.5.2/../../../../pic32mx/lib\libmchp_peripheral_32MX795F512L.a(dma_reg_map_tbl_lib.o)
 .debug_line    0x0000125d       0x70 c:/program files (x86)/microchip/xc32/v1.30/bin/../lib/gcc/pic32mx/4.5.2/../../../../pic32mx/lib\libmchp_peripheral_32MX795F512L.a(dma_chn_force_txfer_lib.o)
 .debug_line    0x000012cd       0x77 c:/program files (x86)/microchip/xc32/v1.30/bin/../lib/gcc/pic32mx/4.5.2/../../../../pic32mx/lib\libmchp_peripheral_32MX795F512L.a(port_set_pins_digital_in_lib.o)
 .debug_line    0x00001344       0x78 c:/program files (x86)/microchip/xc32/v1.30/bin/../lib/gcc/pic32mx/4.5.2/../../../../pic32mx/lib\libmchp_peripheral_32MX795F512L.a(port_set_pins_digital_out_lib.o)
 .debug_line    0x000013bc       0x6c c:/program files (x86)/microchip/xc32/v1.30/bin/../lib/gcc/pic32mx/4.5.2/../../../../pic32mx/lib\libmchp_peripheral_32MX795F512L.a(port_set_bits_lib.o)
 .debug_line    0x00001428        0x0 c:/program files (x86)/microchip/xc32/v1.30/bin/../lib/gcc/pic32mx/4.5.2/../../../../pic32mx/lib\libmchp_peripheral_32MX795F512L.a(_ports_tbl_libp.o)
 .debug_line    0x00001428       0x62 c:/program files (x86)/microchip/xc32/v1.30/bin/../lib/gcc/pic32mx/4.5.2/../../../../pic32mx/lib\libmchp_peripheral_32MX795F512L.a(uart_lib.o)
 .debug_line    0x0000148a       0x97 c:/program files (x86)/microchip/xc32/v1.30/bin/../lib/gcc/pic32mx/4.5.2/../../../../pic32mx/lib\libpic32.a(default-bootstrap-exception-handler.o)
 .debug_line    0x00001521       0x84 c:/program files (x86)/microchip/xc32/v1.30/bin/../lib/gcc/pic32mx/4.5.2/../../../../pic32mx/lib\libpic32.a(default-on-reset.o)
 .debug_line    0x000015a5       0x88 c:/program files (x86)/microchip/xc32/v1.30/bin/../lib/gcc/pic32mx/4.5.2/../../../../pic32mx/lib\libpic32.a(default-on-bootstrap.o)
 .debug_line    0x0000162d       0x95 c:/program files (x86)/microchip/xc32/v1.30/bin/../lib/gcc/pic32mx/4.5.2/../../../../pic32mx/lib\libpic32.a(default-general-exception-handler.o)
 .debug_line    0x000016c2       0x96 c:/program files (x86)/microchip/xc32/v1.30/bin/../lib/gcc/pic32mx/4.5.2/../../../../pic32mx/lib\libpic32.a(defaultinterrupt.o)
 .debug_line    0x00001758       0x70 c:/program files (x86)/microchip/xc32/v1.30/bin/../lib/gcc/pic32mx/4.5.2/../../../../pic32mx/lib\libc.a(printf_cdnopsuxX.eo)
 .debug_line    0x000017c8        0x0 c:/program files (x86)/microchip/xc32/v1.30/bin/../lib/gcc/pic32mx/4.5.2/../../../../pic32mx/lib\libc.a(_iob.o)
 .debug_line    0x000017c8       0x70 c:/program files (x86)/microchip/xc32/v1.30/bin/../lib/gcc/pic32mx/4.5.2/../../../../pic32mx/lib\libc.a(doprnt_cdnopsuxX.eo)
 .debug_line    0x00001838       0x6f c:/program files (x86)/microchip/xc32/v1.30/bin/../lib/gcc/pic32mx/4.5.2/../../../../pic32mx/lib\libc.a(_fputc_simple.o)
 .debug_line    0x000018a7        0x0 c:/program files (x86)/microchip/xc32/v1.30/bin/../lib/gcc/pic32mx/4.5.2/../../../../pic32mx/lib\libc.a(ctype.o)
 .debug_line    0x000018a7       0x70 c:/program files (x86)/microchip/xc32/v1.30/bin/../lib/gcc/pic32mx/4.5.2/../../../../pic32mx/lib\libc.a(_flsbuf_simple.o)
 .debug_line    0x00001917       0x79 c:/program files (x86)/microchip/xc32/v1.30/bin/../lib/gcc/pic32mx/4.5.2/../../../../pic32mx/lib\libpic32.a(write.o)
 .debug_line    0x00001990       0x7d c:/program files (x86)/microchip/xc32/v1.30/bin/../lib/gcc/pic32mx/4.5.2/../../../../pic32mx/lib\libpic32.a(_mon_putc.o)
 .debug_line    0x00001a0d        0x0 c:/program files (x86)/microchip/xc32/v1.30/bin/../lib/gcc/pic32mx/4.5.2/../../../../pic32mx/lib\libpic32.a(xc32_uart.o)
 .debug_line    0x00001a0d      0x158 c:/program files (x86)/microchip/xc32/v1.30/bin/../lib/gcc/pic32mx/4.5.2\libgcc.a(_udivdi3.o)
 .debug_line    0x00001b65      0x159 c:/program files (x86)/microchip/xc32/v1.30/bin/../lib/gcc/pic32mx/4.5.2\libgcc.a(_umoddi3.o)